#options: 1920x1080 fps=30/1 timebase=1/30 bitdepth=8 cabac=1 ref=1 deblock=1:0:0 analyse=0x1:0 me=dia subme=2 psy=1 psy_rd=1.00:0.00 mixed_ref=0 me_range=16 chroma_me=1 trellis=0 8x8dct=0 cqm=0 deadzone=21,11 fast_pskip=1 chroma_qp_offset=0 threads=18 lookahead_threads=6 sliced_threads=0 nr=0 decimate=1 interlaced=0 bluray_compat=0 constrained_intra=0 bframes=3 b_pyramid=2 b_adapt=1 b_bias=0 direct=1 weightb=1 open_gop=0 weightp=2 keyint=250 keyint_min=25 scenecut=40 intra_refresh=0 rc_lookahead=40 rc=abr mbtree=1 bitrate=12900 ratetol=1.0 qcomp=0.60 qpmin=0 qpmax=69 qpstep=4 ip_ratio=1.40 aq=1:1.00
in:0 out:0 type:I dur:2 cpbdur:2 q:17.38 aq:4.85 tex:1155252 mv:143518 misc:398 imb:8160 pmb:0 smb:0 d:- ref:;
in:3 out:1 type:P dur:2 cpbdur:2 q:18.45 aq:6.57 tex:477640 mv:13638 misc:2346 imb:501 pmb:4499 smb:3160 d:- ref:0 ;
in:1 out:2 type:B dur:2 cpbdur:2 q:18.45 aq:12.17 tex:28101 mv:5666 misc:4977 imb:34 pmb:2118 smb:6008 d:- ref:0 ;
in:2 out:3 type:b dur:2 cpbdur:2 q:18.45 aq:13.11 tex:27987 mv:3153 misc:5116 imb:4 pmb:1836 smb:6320 d:- ref:0 ;
in:7 out:4 type:P dur:2 cpbdur:2 q:18.35 aq:6.35 tex:190567 mv:2498 misc:4599 imb:76 pmb:3632 smb:4452 d:- ref:0 ;
in:5 out:5 type:B dur:2 cpbdur:2 q:18.40 aq:11.82 tex:2478 mv:547 misc:2871 imb:0 pmb:538 smb:7622 d:- ref:0 ;
in:4 out:6 type:b dur:2 cpbdur:2 q:18.43 aq:12.94 tex:1970 mv:509 misc:1769 imb:0 pmb:250 smb:7910 d:- ref:0 ;
in:6 out:7 type:b dur:2 cpbdur:2 q:18.38 aq:9.89 tex:231 mv:121 misc:560 imb:6 pmb:19 smb:8135 d:- ref:0 ;
in:11 out:8 type:P dur:2 cpbdur:2 q:17.96 aq:5.75 tex:47660 mv:559 misc:4397 imb:15 pmb:1111 smb:7034 d:- ref:0 ;
in:9 out:9 type:B dur:2 cpbdur:2 q:18.16 aq:12.06 tex:535 mv:95 misc:666 imb:0 pmb:35 smb:8125 d:- ref:0 ;
in:8 out:10 type:b dur:2 cpbdur:2 q:18.25 aq:12.11 tex:207 mv:57 misc:528 imb:0 pmb:16 smb:8144 d:- ref:0 ;
in:10 out:11 type:b dur:2 cpbdur:2 q:18.06 aq:12.62 tex:207 mv:71 misc:514 imb:0 pmb:14 smb:8146 d:- ref:0 ;
in:15 out:12 type:P dur:2 cpbdur:2 q:17.48 aq:5.63 tex:38634 mv:383 misc:3879 imb:10 pmb:880 smb:7270 d:- ref:0 ;
in:13 out:13 type:B dur:2 cpbdur:2 q:17.72 aq:8.68 tex:526 mv:65 misc:625 imb:0 pmb:28 smb:8132 d:- ref:0 ;
in:12 out:14 type:b dur:2 cpbdur:2 q:17.84 aq:13.97 tex:115 mv:23 misc:462 imb:0 pmb:6 smb:8154 d:- ref:0 ;
in:14 out:15 type:b dur:2 cpbdur:2 q:17.60 aq:13.23 tex:148 mv:27 misc:473 imb:0 pmb:7 smb:8153 d:- ref:0 ;
in:19 out:16 type:P dur:2 cpbdur:2 q:16.97 aq:5.70 tex:32899 mv:378 misc:3459 imb:6 pmb:719 smb:7435 d:- ref:0 ;
in:17 out:17 type:B dur:2 cpbdur:2 q:17.22 aq:10.59 tex:1165 mv:107 misc:728 imb:0 pmb:52 smb:8108 d:- ref:0 ;
in:16 out:18 type:b dur:2 cpbdur:2 q:17.35 aq:11.65 tex:151 mv:50 misc:487 imb:0 pmb:12 smb:8148 d:- ref:0 ;
in:18 out:19 type:b dur:2 cpbdur:2 q:17.10 aq:11.65 tex:211 mv:37 misc:496 imb:0 pmb:11 smb:8149 d:- ref:0 ;
in:23 out:20 type:P dur:2 cpbdur:2 q:17.98 aq:6.64 tex:26333 mv:457 misc:3202 imb:13 pmb:642 smb:7505 d:- ref:0 ;
in:21 out:21 type:B dur:2 cpbdur:2 q:17.48 aq:11.30 tex:3551 mv:274 misc:1183 imb:1 pmb:138 smb:8021 d:- ref:0 ;
in:20 out:22 type:b dur:2 cpbdur:2 q:17.22 aq:13.11 tex:2499 mv:173 misc:544 imb:3 pmb:25 smb:8132 d:- ref:0 ;
in:22 out:23 type:b dur:2 cpbdur:2 q:17.73 aq:12.30 tex:3046 mv:259 misc:743 imb:7 pmb:55 smb:8098 d:- ref:0 ;
in:27 out:24 type:P dur:2 cpbdur:2 q:12.12 aq:3.02 tex:353252 mv:1676 misc:4264 imb:99 pmb:2989 smb:5072 d:- ref:0 ;
in:25 out:25 type:B dur:2 cpbdur:2 q:15.05 aq:8.59 tex:2349 mv:262 misc:1445 imb:0 pmb:187 smb:7973 d:- ref:0 ;
in:24 out:26 type:b dur:2 cpbdur:2 q:16.52 aq:9.64 tex:274 mv:175 misc:607 imb:4 pmb:30 smb:8126 d:- ref:0 ;
in:26 out:27 type:b dur:2 cpbdur:2 q:13.59 aq:9.06 tex:771 mv:235 misc:826 imb:4 pmb:63 smb:8093 d:- ref:0 ;
in:31 out:28 type:P dur:2 cpbdur:2 q:8.00 aq:1.44 tex:264195 mv:1342 misc:4559 imb:172 pmb:2124 smb:5864 d:- ref:0 ;
in:29 out:29 type:B dur:2 cpbdur:2 q:10.06 aq:4.91 tex:7562 mv:560 misc:2454 imb:0 pmb:409 smb:7751 d:- ref:0 ;
in:28 out:30 type:b dur:2 cpbdur:2 q:11.09 aq:8.90 tex:1692 mv:328 misc:1140 imb:4 pmb:122 smb:8034 d:- ref:0 ;
in:30 out:31 type:b dur:2 cpbdur:2 q:9.03 aq:6.07 tex:2457 mv:400 misc:1399 imb:4 pmb:166 smb:7990 d:- ref:0 ;
in:35 out:32 type:P dur:2 cpbdur:2 q:5.02 aq:0.82 tex:87175 mv:649 misc:4480 imb:28 pmb:1431 smb:6701 d:- ref:0 ;
in:33 out:33 type:B dur:2 cpbdur:2 q:6.51 aq:3.32 tex:18848 mv:611 misc:3365 imb:0 pmb:665 smb:7495 d:- ref:0 ;
in:32 out:34 type:b dur:2 cpbdur:2 q:7.26 aq:4.07 tex:6296 mv:611 misc:2173 imb:4 pmb:328 smb:7828 d:- ref:0 ;
in:34 out:35 type:b dur:2 cpbdur:2 q:5.77 aq:3.07 tex:9511 mv:763 misc:2654 imb:4 pmb:455 smb:7701 d:- ref:0 ;
in:39 out:36 type:P dur:2 cpbdur:2 q:2.78 aq:0.16 tex:51617 mv:495 misc:4536 imb:15 pmb:1294 smb:6851 d:- ref:0 ;
in:37 out:37 type:B dur:2 cpbdur:2 q:3.90 aq:1.50 tex:26501 mv:947 misc:3904 imb:0 pmb:881 smb:7279 d:- ref:0 ;
in:36 out:38 type:b dur:2 cpbdur:2 q:4.46 aq:2.30 tex:12708 mv:923 misc:3049 imb:4 pmb:577 smb:7579 d:- ref:0 ;
in:38 out:39 type:b dur:2 cpbdur:2 q:3.34 aq:1.66 tex:14331 mv:988 misc:3193 imb:4 pmb:617 smb:7539 d:- ref:0 ;
in:43 out:40 type:P dur:2 cpbdur:2 q:0.96 aq:0.00 tex:38763 mv:377 misc:4212 imb:7 pmb:1099 smb:7054 d:- ref:0 ;
in:41 out:41 type:B dur:2 cpbdur:2 q:1.87 aq:0.67 tex:35593 mv:516 misc:4043 imb:0 pmb:1024 smb:7136 d:- ref:0 ;
in:40 out:42 type:b dur:2 cpbdur:2 q:2.32 aq:0.71 tex:19425 mv:1094 misc:3497 imb:8 pmb:733 smb:7419 d:- ref:0 ;
in:42 out:43 type:b dur:2 cpbdur:2 q:1.41 aq:0.53 tex:23204 mv:1147 misc:3721 imb:7 pmb:830 smb:7323 d:- ref:0 ;
in:47 out:44 type:P dur:2 cpbdur:2 q:0.05 aq:0.01 tex:37416 mv:278 misc:4146 imb:0 pmb:1082 smb:7078 d:- ref:0 ;
in:45 out:45 type:B dur:2 cpbdur:2 q:0.50 aq:0.06 tex:34098 mv:556 misc:3994 imb:0 pmb:1026 smb:7134 d:- ref:0 ;
in:44 out:46 type:b dur:2 cpbdur:2 q:0.73 aq:0.44 tex:18831 mv:798 misc:3155 imb:4 pmb:660 smb:7496 d:- ref:0 ;
in:46 out:47 type:b dur:2 cpbdur:2 q:0.28 aq:0.62 tex:25678 mv:705 misc:3625 imb:4 pmb:823 smb:7333 d:- ref:0 ;
in:51 out:48 type:P dur:2 cpbdur:2 q:0.00 aq:0.12 tex:35491 mv:297 misc:3772 imb:1 pmb:867 smb:7292 d:- ref:0 ;
in:49 out:49 type:B dur:2 cpbdur:2 q:0.02 aq:0.05 tex:34757 mv:327 misc:3948 imb:0 pmb:1014 smb:7146 d:- ref:0 ;
in:48 out:50 type:b dur:2 cpbdur:2 q:0.04 aq:0.16 tex:25995 mv:790 misc:3679 imb:4 pmb:848 smb:7308 d:- ref:0 ;
in:50 out:51 type:b dur:2 cpbdur:2 q:0.01 aq:0.58 tex:25637 mv:759 misc:3676 imb:4 pmb:844 smb:7312 d:- ref:0 ;
in:52 out:52 type:P dur:2 cpbdur:2 q:0.00 aq:0.08 tex:2725003 mv:35388 misc:961 imb:4846 pmb:434 smb:2880 d:- ref:0 ;
in:56 out:53 type:P dur:2 cpbdur:2 q:2.04 aq:0.00 tex:210718 mv:2983 misc:6059 imb:167 pmb:2939 smb:5054 d:- ref:0 ;
in:54 out:54 type:B dur:2 cpbdur:2 q:1.02 aq:0.52 tex:47068 mv:4418 misc:6178 imb:0 pmb:2526 smb:5634 d:- ref:0 ;
in:53 out:55 type:b dur:2 cpbdur:2 q:0.51 aq:0.85 tex:31998 mv:2903 misc:5643 imb:3 pmb:1939 smb:6218 d:- ref:0 ;
in:55 out:56 type:b dur:2 cpbdur:2 q:1.53 aq:1.30 tex:25806 mv:2354 misc:5288 imb:0 pmb:1592 smb:6568 d:- ref:0 ;
in:60 out:57 type:P dur:2 cpbdur:2 q:1.09 aq:0.00 tex:322106 mv:1599 misc:5199 imb:24 pmb:3921 smb:4215 d:- ref:0 ;
in:58 out:58 type:B dur:2 cpbdur:2 q:1.57 aq:0.29 tex:58373 mv:2749 misc:5926 imb:0 pmb:2232 smb:5928 d:- ref:0 ;
in:57 out:59 type:b dur:2 cpbdur:2 q:1.80 aq:1.03 tex:74404 mv:4894 misc:6030 imb:1 pmb:3048 smb:5111 d:- ref:0 ;
in:59 out:60 type:b dur:2 cpbdur:2 q:1.33 aq:0.20 tex:31070 mv:1954 misc:4824 imb:0 pmb:1295 smb:6865 d:- ref:0 ;
in:64 out:61 type:P dur:2 cpbdur:2 q:0.25 aq:0.00 tex:48052 mv:346 misc:5114 imb:0 pmb:1418 smb:6742 d:- ref:0 ;
in:62 out:62 type:B dur:2 cpbdur:2 q:0.67 aq:0.17 tex:34498 mv:1193 misc:4829 imb:0 pmb:1277 smb:6883 d:- ref:0 ;
in:61 out:63 type:b dur:2 cpbdur:2 q:0.88 aq:0.11 tex:28274 mv:1315 misc:4571 imb:0 pmb:1158 smb:7002 d:- ref:0 ;
in:63 out:64 type:b dur:2 cpbdur:2 q:0.46 aq:0.19 tex:24908 mv:668 misc:3992 imb:0 pmb:932 smb:7228 d:- ref:0 ;
in:68 out:65 type:P dur:2 cpbdur:2 q:0.00 aq:0.00 tex:33461 mv:268 misc:4703 imb:0 pmb:1163 smb:6997 d:- ref:0 ;
in:66 out:66 type:B dur:2 cpbdur:2 q:0.13 aq:0.39 tex:24085 mv:414 misc:3709 imb:0 pmb:833 smb:7327 d:- ref:0 ;
in:65 out:67 type:b dur:2 cpbdur:2 q:0.19 aq:0.25 tex:28262 mv:758 misc:4324 imb:0 pmb:1058 smb:7102 d:- ref:0 ;
in:67 out:68 type:b dur:2 cpbdur:2 q:0.06 aq:0.26 tex:28421 mv:641 misc:4362 imb:0 pmb:1054 smb:7106 d:- ref:0 ;
in:72 out:69 type:P dur:2 cpbdur:2 q:0.00 aq:0.00 tex:32149 mv:276 misc:4639 imb:0 pmb:1147 smb:7013 d:- ref:0 ;
in:70 out:70 type:B dur:2 cpbdur:2 q:0.00 aq:0.14 tex:33210 mv:271 misc:4543 imb:0 pmb:1130 smb:7030 d:- ref:0 ;
in:69 out:71 type:b dur:2 cpbdur:2 q:0.00 aq:0.25 tex:28408 mv:689 misc:4343 imb:0 pmb:1060 smb:7100 d:- ref:0 ;
in:71 out:72 type:b dur:2 cpbdur:2 q:0.00 aq:0.26 tex:28603 mv:662 misc:4359 imb:0 pmb:1060 smb:7100 d:- ref:0 ;
in:76 out:73 type:P dur:2 cpbdur:2 q:0.00 aq:0.01 tex:2589157 mv:33279 misc:1444 imb:329 pmb:4679 smb:3152 d:- ref:0 ;
in:74 out:74 type:B dur:2 cpbdur:2 q:0.00 aq:0.27 tex:26540 mv:506 misc:4210 imb:0 pmb:1089 smb:7071 d:- ref:0 ;
in:73 out:75 type:b dur:2 cpbdur:2 q:0.00 aq:0.26 tex:28603 mv:644 misc:4377 imb:0 pmb:1059 smb:7101 d:- ref:0 ;
in:75 out:76 type:b dur:2 cpbdur:2 q:0.00 aq:0.63 tex:1604862 mv:36701 misc:1605 imb:51 pmb:4770 smb:3339 d:- ref:0 ;
in:79 out:77 type:P dur:2 cpbdur:2 q:0.00 aq:0.32 tex:3563930 mv:43933 misc:1265 imb:1096 pmb:3997 smb:3067 d:- ref:0 ;
in:77 out:78 type:B dur:2 cpbdur:2 q:0.00 aq:0.32 tex:2019824 mv:42417 misc:1439 imb:187 pmb:4755 smb:3218 d:- ref:0 ;
in:78 out:79 type:b dur:2 cpbdur:2 q:0.00 aq:0.61 tex:2261178 mv:50316 misc:1194 imb:252 pmb:4701 smb:3207 d:- ref:0 ;
in:80 out:80 type:P dur:2 cpbdur:2 q:0.00 aq:0.08 tex:2544582 mv:34768 misc:1274 imb:504 pmb:4488 smb:3168 d:- ref:0 ;
in:81 out:81 type:P dur:2 cpbdur:2 q:0.00 aq:0.11 tex:2459292 mv:33903 misc:1301 imb:465 pmb:4542 smb:3153 d:- ref:0 ;
in:83 out:82 type:P dur:2 cpbdur:2 q:0.00 aq:0.20 tex:2693271 mv:38078 misc:1051 imb:1043 pmb:4313 smb:2804 d:- ref:0 ;
in:82 out:83 type:b dur:2 cpbdur:2 q:0.00 aq:0.45 tex:734907 mv:7353 misc:2532 imb:17 pmb:4860 smb:3283 d:- ref:0 ;
in:87 out:84 type:P dur:2 cpbdur:2 q:0.00 aq:0.14 tex:4131055 mv:46733 misc:1260 imb:1787 pmb:3461 smb:2912 d:- ref:0 ;
in:85 out:85 type:B dur:2 cpbdur:2 q:0.00 aq:0.71 tex:3431559 mv:67576 misc:1209 imb:416 pmb:4720 smb:3024 d:- ref:0 ;
in:84 out:86 type:b dur:2 cpbdur:2 q:0.00 aq:1.33 tex:2469093 mv:51975 misc:1332 imb:282 pmb:4800 smb:3078 d:- ref:0 ;
in:86 out:87 type:b dur:2 cpbdur:2 q:0.00 aq:0.78 tex:2458759 mv:52782 misc:1347 imb:196 pmb:4812 smb:3152 d:- ref:0 ;
in:91 out:88 type:P dur:2 cpbdur:2 q:0.00 aq:0.30 tex:4153614 mv:45563 misc:1215 imb:1765 pmb:3332 smb:3063 d:- ref:0 ;
in:89 out:89 type:B dur:2 cpbdur:2 q:0.00 aq:0.70 tex:3335054 mv:67580 misc:1198 imb:494 pmb:4535 smb:3131 d:- ref:0 ;
in:88 out:90 type:b dur:2 cpbdur:2 q:0.00 aq:0.70 tex:2487747 mv:54816 misc:1229 imb:318 pmb:4638 smb:3204 d:- ref:0 ;
in:90 out:91 type:b dur:2 cpbdur:2 q:0.00 aq:0.77 tex:2259238 mv:51069 misc:1229 imb:244 pmb:4720 smb:3196 d:- ref:0 ;
in:95 out:92 type:P dur:2 cpbdur:2 q:0.05 aq:0.19 tex:4300435 mv:46587 misc:1258 imb:1934 pmb:3322 smb:2904 d:- ref:0 ;
in:93 out:93 type:B dur:2 cpbdur:2 q:0.02 aq:0.69 tex:3664737 mv:74331 misc:1260 imb:763 pmb:4385 smb:3012 d:- ref:0 ;
in:92 out:94 type:b dur:2 cpbdur:2 q:0.01 aq:0.84 tex:2731325 mv:58541 misc:1286 imb:413 pmb:4696 smb:3051 d:- ref:0 ;
in:94 out:95 type:b dur:2 cpbdur:2 q:0.03 aq:0.90 tex:2625398 mv:56391 misc:1243 imb:307 pmb:4715 smb:3138 d:- ref:0 ;
in:99 out:96 type:P dur:2 cpbdur:2 q:2.62 aq:0.83 tex:4150468 mv:48075 misc:1289 imb:1800 pmb:3414 smb:2946 d:- ref:0 ;
in:97 out:97 type:B dur:2 cpbdur:2 q:1.33 aq:1.03 tex:3378476 mv:70587 misc:1233 imb:519 pmb:4595 smb:3046 d:- ref:0 ;
in:96 out:98 type:b dur:2 cpbdur:2 q:0.69 aq:0.88 tex:2553735 mv:58565 misc:1340 imb:377 pmb:4790 smb:2993 d:- ref:0 ;
in:98 out:99 type:b dur:2 cpbdur:2 q:1.97 aq:1.33 tex:2268568 mv:56272 misc:1376 imb:185 pmb:4928 smb:3047 d:- ref:0 ;
in:102 out:100 type:P dur:2 cpbdur:2 q:5.84 aq:1.63 tex:3486776 mv:46034 misc:1278 imb:1695 pmb:3515 smb:2950 d:- ref:0 ;
in:100 out:101 type:B dur:2 cpbdur:2 q:3.69 aq:2.08 tex:2539533 mv:63496 misc:1403 imb:469 pmb:4666 smb:3025 d:- ref:0 ;
in:101 out:102 type:b dur:2 cpbdur:2 q:4.76 aq:3.06 tex:1898365 mv:55481 misc:1378 imb:365 pmb:4740 smb:3055 d:- ref:0 ;
in:104 out:103 type:P dur:2 cpbdur:2 q:7.39 aq:2.69 tex:3013229 mv:44231 misc:1140 imb:1345 pmb:3754 smb:3061 d:- ref:0 ;
in:103 out:104 type:b dur:2 cpbdur:2 q:6.61 aq:4.43 tex:1582434 mv:62140 misc:1362 imb:391 pmb:4705 smb:3064 d:- ref:0 ;
in:108 out:105 type:P dur:2 cpbdur:2 q:8.42 aq:2.94 tex:3298975 mv:48523 misc:1190 imb:1661 pmb:3641 smb:2858 d:- ref:0 ;
in:106 out:106 type:B dur:2 cpbdur:2 q:7.90 aq:4.79 tex:2079147 mv:65884 misc:1337 imb:534 pmb:4601 smb:3025 d:- ref:0 ;
in:105 out:107 type:b dur:2 cpbdur:2 q:7.65 aq:5.31 tex:1146294 mv:51676 misc:1542 imb:224 pmb:4763 smb:3173 d:- ref:0 ;
in:107 out:108 type:b dur:2 cpbdur:2 q:8.16 aq:5.87 tex:1243257 mv:53039 misc:1536 imb:189 pmb:4907 smb:3064 d:- ref:0 ;
in:112 out:109 type:P dur:2 cpbdur:2 q:10.33 aq:5.63 tex:2590281 mv:47156 misc:1139 imb:1502 pmb:3578 smb:3080 d:- ref:0 ;
in:110 out:110 type:B dur:2 cpbdur:2 q:9.37 aq:5.68 tex:1850639 mv:69509 misc:1212 imb:338 pmb:4666 smb:3156 d:- ref:0 ;
in:109 out:111 type:b dur:2 cpbdur:2 q:8.90 aq:6.30 tex:1059898 mv:51491 misc:1595 imb:78 pmb:4844 smb:3238 d:- ref:0 ;
in:111 out:112 type:b dur:2 cpbdur:2 q:9.85 aq:7.17 tex:1000895 mv:55659 misc:1614 imb:197 pmb:4649 smb:3314 d:- ref:0 ;
in:113 out:113 type:P dur:2 cpbdur:2 q:12.05 aq:6.84 tex:1062085 mv:32035 misc:1776 imb:678 pmb:4185 smb:3297 d:- ref:0 ;
in:117 out:114 type:P dur:2 cpbdur:2 q:12.61 aq:7.31 tex:2009144 mv:47018 misc:1038 imb:2039 pmb:3035 smb:3086 d:- ref:0 ;
in:115 out:115 type:B dur:2 cpbdur:2 q:12.33 aq:8.32 tex:1259512 mv:74567 misc:1265 imb:827 pmb:4134 smb:3199 d:- ref:0 ;
in:114 out:116 type:b dur:2 cpbdur:2 q:12.19 aq:9.46 tex:790022 mv:64493 misc:1477 imb:635 pmb:4272 smb:3253 d:- ref:0 ;
in:116 out:117 type:b dur:2 cpbdur:2 q:12.47 aq:9.65 tex:652301 mv:61544 misc:1571 imb:270 pmb:4556 smb:3334 d:- ref:0 ;
in:121 out:118 type:P dur:2 cpbdur:2 q:13.75 aq:9.06 tex:1741152 mv:47182 misc:1098 imb:1866 pmb:3116 smb:3178 d:- ref:0 ;
in:119 out:119 type:B dur:2 cpbdur:2 q:13.18 aq:9.26 tex:1161236 mv:69929 misc:1275 imb:501 pmb:4413 smb:3246 d:- ref:0 ;
in:118 out:120 type:b dur:2 cpbdur:2 q:12.89 aq:10.04 tex:680862 mv:61492 misc:1558 imb:380 pmb:4429 smb:3351 d:- ref:0 ;
in:120 out:121 type:b dur:2 cpbdur:2 q:13.46 aq:10.26 tex:433618 mv:44830 misc:1944 imb:147 pmb:4498 smb:3515 d:- ref:0 ;
in:125 out:122 type:P dur:2 cpbdur:2 q:14.96 aq:10.08 tex:1394874 mv:45981 misc:1281 imb:1925 pmb:3117 smb:3118 d:- ref:0 ;
in:123 out:123 type:B dur:2 cpbdur:2 q:14.35 aq:10.53 tex:837005 mv:71691 misc:1504 imb:664 pmb:4199 smb:3297 d:- ref:0 ;
in:122 out:124 type:b dur:2 cpbdur:2 q:14.05 aq:11.11 tex:463107 mv:51388 misc:2097 imb:311 pmb:4375 smb:3474 d:- ref:0 ;
in:124 out:125 type:b dur:2 cpbdur:2 q:14.66 aq:11.16 tex:463730 mv:56211 misc:1707 imb:252 pmb:4385 smb:3523 d:- ref:0 ;
in:128 out:126 type:P dur:2 cpbdur:2 q:15.92 aq:10.42 tex:1149811 mv:48750 misc:1375 imb:2139 pmb:3318 smb:2703 d:- ref:0 ;
in:126 out:127 type:B dur:2 cpbdur:2 q:15.28 aq:11.32 tex:598714 mv:65898 misc:1804 imb:649 pmb:4145 smb:3366 d:- ref:0 ;
in:127 out:128 type:b dur:2 cpbdur:2 q:15.60 aq:12.39 tex:417424 mv:59710 misc:2210 imb:522 pmb:4436 smb:3202 d:- ref:0 ;
in:131 out:129 type:P dur:2 cpbdur:2 q:16.65 aq:12.36 tex:601625 mv:39676 misc:2651 imb:1528 pmb:3332 smb:3300 d:- ref:0 ;
in:129 out:130 type:B dur:2 cpbdur:2 q:16.16 aq:12.38 tex:417527 mv:49435 misc:3126 imb:509 pmb:4080 smb:3571 d:- ref:0 ;
in:130 out:131 type:b dur:2 cpbdur:2 q:16.40 aq:12.96 tex:253821 mv:37456 misc:3899 imb:174 pmb:3806 smb:4180 d:- ref:0 ;
in:135 out:132 type:P dur:2 cpbdur:2 q:17.24 aq:10.23 tex:997159 mv:33416 misc:1169 imb:4941 pmb:526 smb:2693 d:- ref:0 ;
in:133 out:133 type:B dur:2 cpbdur:2 q:16.94 aq:10.89 tex:440396 mv:40691 misc:2025 imb:1209 pmb:3678 smb:3273 d:- ref:0 ;
in:132 out:134 type:b dur:2 cpbdur:2 q:16.80 aq:12.25 tex:263583 mv:36627 misc:2846 imb:1450 pmb:3205 smb:3505 d:- ref:0 ;
in:134 out:135 type:b dur:2 cpbdur:2 q:17.09 aq:12.19 tex:125700 mv:35952 misc:3660 imb:230 pmb:3777 smb:4153 d:- ref:0 ;
in:139 out:136 type:P dur:2 cpbdur:2 q:17.88 aq:10.69 tex:620344 mv:44302 misc:1914 imb:1970 pmb:3165 smb:3025 d:- ref:0 ;
in:137 out:137 type:B dur:2 cpbdur:2 q:17.56 aq:11.98 tex:260324 mv:48999 misc:2885 imb:397 pmb:4060 smb:3703 d:- ref:0 ;
in:136 out:138 type:b dur:2 cpbdur:2 q:17.40 aq:13.06 tex:110312 mv:33298 misc:3854 imb:119 pmb:3408 smb:4633 d:- ref:0 ;
in:138 out:139 type:b dur:2 cpbdur:2 q:17.72 aq:13.03 tex:159909 mv:47020 misc:3135 imb:413 pmb:3971 smb:3776 d:- ref:0 ;
in:140 out:140 type:P dur:2 cpbdur:2 q:18.38 aq:10.98 tex:299964 mv:30123 misc:3337 imb:536 pmb:3791 smb:3833 d:- ref:0 ;
in:144 out:141 type:P dur:2 cpbdur:2 q:18.50 aq:11.13 tex:638382 mv:46288 misc:1650 imb:2268 pmb:2873 smb:3019 d:- ref:0 ;
in:142 out:142 type:B dur:2 cpbdur:2 q:18.44 aq:13.22 tex:306821 mv:57700 misc:2223 imb:681 pmb:4043 smb:3436 d:- ref:0 ;
in:141 out:143 type:b dur:2 cpbdur:2 q:18.41 aq:14.95 tex:146886 mv:43311 misc:3419 imb:272 pmb:3885 smb:4003 d:- ref:0 ;
in:143 out:144 type:b dur:2 cpbdur:2 q:18.47 aq:14.07 tex:144694 mv:41797 misc:3509 imb:319 pmb:3826 smb:4015 d:- ref:0 ;
in:148 out:145 type:P dur:2 cpbdur:2 q:18.84 aq:12.50 tex:584824 mv:44729 misc:1591 imb:2184 pmb:2696 smb:3280 d:- ref:0 ;
in:146 out:146 type:B dur:2 cpbdur:2 q:18.67 aq:14.15 tex:299790 mv:57067 misc:2095 imb:593 pmb:3948 smb:3619 d:- ref:0 ;
in:145 out:147 type:b dur:2 cpbdur:2 q:18.58 aq:13.73 tex:136053 mv:40489 misc:3538 imb:314 pmb:3634 smb:4212 d:- ref:0 ;
in:147 out:148 type:b dur:2 cpbdur:2 q:18.76 aq:13.90 tex:161103 mv:44848 misc:3009 imb:336 pmb:3849 smb:3975 d:- ref:0 ;
in:152 out:149 type:P dur:2 cpbdur:2 q:19.01 aq:11.35 tex:865898 mv:48592 misc:1318 imb:2892 pmb:2620 smb:2648 d:- ref:0 ;
in:150 out:150 type:B dur:2 cpbdur:2 q:18.92 aq:14.23 tex:277692 mv:44211 misc:2969 imb:657 pmb:3938 smb:3565 d:- ref:0 ;
in:149 out:151 type:b dur:2 cpbdur:2 q:18.88 aq:14.83 tex:159297 mv:39709 misc:3634 imb:415 pmb:3924 smb:3821 d:- ref:0 ;
in:151 out:152 type:b dur:2 cpbdur:2 q:18.97 aq:15.39 tex:111582 mv:29821 misc:4293 imb:165 pmb:4100 smb:3895 d:- ref:0 ;
in:156 out:153 type:P dur:2 cpbdur:2 q:19.22 aq:11.99 tex:664067 mv:38277 misc:2344 imb:1402 pmb:3246 smb:3512 d:- ref:0 ;
in:154 out:154 type:B dur:2 cpbdur:2 q:19.11 aq:14.55 tex:225955 mv:40764 misc:3217 imb:417 pmb:3647 smb:4096 d:- ref:0 ;
in:153 out:155 type:b dur:2 cpbdur:2 q:19.06 aq:15.21 tex:121306 mv:32888 misc:4110 imb:248 pmb:3351 smb:4561 d:- ref:0 ;
in:155 out:156 type:b dur:2 cpbdur:2 q:19.16 aq:14.95 tex:101464 mv:27343 misc:4281 imb:171 pmb:3194 smb:4795 d:- ref:0 ;
in:160 out:157 type:P dur:2 cpbdur:2 q:19.29 aq:10.43 tex:955507 mv:42233 misc:1540 imb:2111 pmb:3500 smb:2549 d:- ref:0 ;
in:158 out:158 type:B dur:2 cpbdur:2 q:19.26 aq:13.19 tex:265771 mv:41504 misc:3197 imb:822 pmb:3709 smb:3629 d:- ref:0 ;
in:157 out:159 type:b dur:2 cpbdur:2 q:19.24 aq:14.86 tex:88879 mv:27676 misc:4653 imb:91 pmb:3498 smb:4571 d:- ref:0 ;
in:159 out:160 type:b dur:2 cpbdur:2 q:19.27 aq:14.93 tex:82076 mv:25710 misc:4990 imb:123 pmb:3160 smb:4877 d:- ref:0 ;
in:161 out:161 type:P dur:2 cpbdur:2 q:19.45 aq:11.16 tex:302193 mv:15697 misc:4438 imb:180 pmb:3550 smb:4430 d:- ref:0 ;
in:162 out:162 type:P dur:2 cpbdur:2 q:19.44 aq:10.62 tex:430890 mv:21694 misc:3792 imb:296 pmb:3899 smb:3965 d:- ref:0 ;
in:163 out:163 type:P dur:2 cpbdur:2 q:19.54 aq:9.60 tex:286293 mv:13797 misc:4630 imb:203 pmb:3235 smb:4722 d:- ref:0 ;
in:164 out:164 type:P dur:2 cpbdur:2 q:19.57 aq:10.33 tex:218010 mv:8452 misc:5026 imb:111 pmb:2933 smb:5116 d:- ref:0 ;
in:165 out:165 type:P dur:2 cpbdur:2 q:19.56 aq:9.83 tex:362151 mv:14955 misc:4326 imb:167 pmb:3579 smb:4414 d:- ref:0 ;
in:166 out:166 type:P dur:2 cpbdur:2 q:19.55 aq:9.76 tex:293789 mv:10598 misc:4757 imb:102 pmb:2995 smb:5063 d:- ref:0 ;
in:169 out:167 type:P dur:2 cpbdur:2 q:19.72 aq:9.06 tex:826491 mv:28664 misc:2797 imb:748 pmb:4107 smb:3305 d:- ref:0 ;
in:167 out:168 type:B dur:2 cpbdur:2 q:19.61 aq:14.28 tex:39955 mv:9283 misc:5034 imb:26 pmb:2014 smb:6120 d:- ref:0 ;
in:168 out:169 type:b dur:2 cpbdur:2 q:19.66 aq:15.02 tex:59662 mv:15093 misc:5381 imb:134 pmb:2462 smb:5564 d:- ref:0 ;
in:172 out:170 type:P dur:2 cpbdur:2 q:19.71 aq:8.81 tex:382693 mv:10836 misc:4239 imb:223 pmb:3406 smb:4531 d:- ref:0 ;
in:170 out:171 type:B dur:2 cpbdur:2 q:19.72 aq:14.04 tex:25299 mv:5172 misc:4009 imb:22 pmb:1141 smb:6997 d:- ref:0 ;
in:171 out:172 type:b dur:2 cpbdur:2 q:19.71 aq:14.60 tex:16453 mv:4367 misc:3220 imb:29 pmb:842 smb:7289 d:- ref:0 ;
in:176 out:173 type:P dur:2 cpbdur:2 q:19.82 aq:8.45 tex:395357 mv:9860 misc:4071 imb:196 pmb:3623 smb:4341 d:- ref:0 ;
in:174 out:174 type:B dur:2 cpbdur:2 q:19.76 aq:14.21 tex:25823 mv:5062 misc:4811 imb:18 pmb:1533 smb:6609 d:- ref:0 ;
in:173 out:175 type:b dur:2 cpbdur:2 q:19.74 aq:14.74 tex:16247 mv:3781 misc:3372 imb:22 pmb:829 smb:7309 d:- ref:0 ;
in:175 out:176 type:b dur:2 cpbdur:2 q:19.79 aq:15.02 tex:5856 mv:1977 misc:2279 imb:2 pmb:433 smb:7725 d:- ref:0 ;
in:180 out:177 type:P dur:2 cpbdur:2 q:19.97 aq:9.34 tex:188860 mv:5633 misc:5395 imb:97 pmb:2774 smb:5289 d:- ref:0 ;
in:178 out:178 type:B dur:2 cpbdur:2 q:19.89 aq:14.22 tex:8329 mv:1811 misc:3388 imb:4 pmb:793 smb:7363 d:- ref:0 ;
in:177 out:179 type:b dur:2 cpbdur:2 q:19.86 aq:14.81 tex:3876 mv:1433 misc:1923 imb:5 pmb:332 smb:7823 d:- ref:0 ;
in:179 out:180 type:b dur:2 cpbdur:2 q:19.93 aq:15.00 tex:1992 mv:722 misc:1430 imb:5 pmb:213 smb:7942 d:- ref:0 ;
in:184 out:181 type:P dur:2 cpbdur:2 q:19.98 aq:9.82 tex:99844 mv:4637 misc:4543 imb:91 pmb:1607 smb:6462 d:- ref:0 ;
in:182 out:182 type:B dur:2 cpbdur:2 q:19.97 aq:14.11 tex:7074 mv:1865 misc:2757 imb:5 pmb:636 smb:7519 d:- ref:0 ;
in:181 out:183 type:b dur:2 cpbdur:2 q:19.97 aq:15.58 tex:1923 mv:710 misc:1511 imb:2 pmb:233 smb:7925 d:- ref:0 ;
in:183 out:184 type:b dur:2 cpbdur:2 q:19.97 aq:15.21 tex:3238 mv:1280 misc:1706 imb:9 pmb:317 smb:7834 d:- ref:0 ;
in:188 out:185 type:P dur:2 cpbdur:2 q:20.05 aq:10.45 tex:71123 mv:4107 misc:3874 imb:58 pmb:1282 smb:6820 d:- ref:0 ;
in:186 out:186 type:B dur:2 cpbdur:2 q:20.01 aq:14.38 tex:6622 mv:1768 misc:2370 imb:5 pmb:520 smb:7635 d:- ref:0 ;
in:185 out:187 type:b dur:2 cpbdur:2 q:20.00 aq:15.28 tex:1480 mv:620 misc:1444 imb:0 pmb:220 smb:7940 d:- ref:0 ;
in:187 out:188 type:b dur:2 cpbdur:2 q:20.03 aq:15.69 tex:1996 mv:716 misc:1280 imb:3 pmb:185 smb:7972 d:- ref:0 ;
in:192 out:189 type:P dur:2 cpbdur:2 q:19.81 aq:10.76 tex:71108 mv:6366 misc:3478 imb:90 pmb:1213 smb:6857 d:- ref:0 ;
in:190 out:190 type:B dur:2 cpbdur:2 q:19.93 aq:13.99 tex:15282 mv:3383 misc:2487 imb:6 pmb:702 smb:7452 d:- ref:0 ;
in:189 out:191 type:b dur:2 cpbdur:2 q:19.99 aq:15.98 tex:2350 mv:799 misc:1427 imb:2 pmb:225 smb:7933 d:- ref:0 ;
in:191 out:192 type:b dur:2 cpbdur:2 q:19.87 aq:14.77 tex:6011 mv:1855 misc:1758 imb:4 pmb:408 smb:7748 d:- ref:0 ;
in:193 out:193 type:P dur:2 cpbdur:2 q:19.57 aq:10.07 tex:300443 mv:13213 misc:3792 imb:297 pmb:4350 smb:3513 d:- ref:0 ;
in:194 out:194 type:P dur:2 cpbdur:2 q:19.50 aq:9.74 tex:272670 mv:11991 misc:4179 imb:187 pmb:3929 smb:4044 d:- ref:0 ;
in:196 out:195 type:P dur:2 cpbdur:2 q:19.48 aq:9.17 tex:749620 mv:19889 misc:2323 imb:841 pmb:4323 smb:2996 d:- ref:0 ;
in:195 out:196 type:b dur:2 cpbdur:2 q:19.49 aq:15.22 tex:95586 mv:19452 misc:5346 imb:198 pmb:2655 smb:5307 d:- ref:0 ;
in:200 out:197 type:P dur:2 cpbdur:2 q:19.36 aq:8.63 tex:741181 mv:16788 misc:3119 imb:604 pmb:3998 smb:3558 d:- ref:0 ;
in:198 out:198 type:B dur:2 cpbdur:2 q:19.42 aq:13.98 tex:80978 mv:16403 misc:5011 imb:131 pmb:2186 smb:5843 d:- ref:0 ;
in:197 out:199 type:b dur:2 cpbdur:2 q:19.45 aq:14.86 tex:51334 mv:13555 misc:3735 imb:124 pmb:1448 smb:6588 d:- ref:0 ;
in:199 out:200 type:b dur:2 cpbdur:2 q:19.39 aq:14.84 tex:26907 mv:8155 misc:3178 imb:30 pmb:1088 smb:7042 d:- ref:0 ;
in:204 out:201 type:P dur:2 cpbdur:2 q:19.09 aq:8.02 tex:481425 mv:10850 misc:4501 imb:134 pmb:3414 smb:4612 d:- ref:0 ;
in:202 out:202 type:B dur:2 cpbdur:2 q:19.23 aq:13.43 tex:29491 mv:7705 misc:4092 imb:4 pmb:1418 smb:6738 d:- ref:0 ;
in:201 out:203 type:b dur:2 cpbdur:2 q:19.29 aq:14.70 tex:21381 mv:7743 misc:2556 imb:15 pmb:1008 smb:7137 d:- ref:0 ;
in:203 out:204 type:b dur:2 cpbdur:2 q:19.16 aq:14.20 tex:3500 mv:1120 misc:2068 imb:0 pmb:420 smb:7740 d:- ref:0 ;
in:208 out:205 type:P dur:2 cpbdur:2 q:18.80 aq:8.04 tex:170221 mv:1785 misc:5306 imb:24 pmb:2197 smb:5939 d:- ref:0 ;
in:206 out:206 type:B dur:2 cpbdur:2 q:18.94 aq:12.72 tex:9346 mv:951 misc:3071 imb:0 pmb:581 smb:7579 d:- ref:0 ;
in:205 out:207 type:b dur:2 cpbdur:2 q:19.02 aq:13.74 tex:1424 mv:304 misc:1256 imb:0 pmb:153 smb:8007 d:- ref:0 ;
in:207 out:208 type:b dur:2 cpbdur:2 q:18.87 aq:13.39 tex:1150 mv:214 misc:1028 imb:0 pmb:97 smb:8063 d:- ref:0 ;
in:212 out:209 type:P dur:2 cpbdur:2 q:18.48 aq:6.45 tex:1293483 mv:7471 misc:1694 imb:476 pmb:5353 smb:2331 d:- ref:0 ;
in:210 out:210 type:B dur:2 cpbdur:2 q:18.64 aq:12.90 tex:55840 mv:4588 misc:5844 imb:2 pmb:2826 smb:5332 d:- ref:0 ;
in:209 out:211 type:b dur:2 cpbdur:2 q:18.72 aq:13.26 tex:3567 mv:940 misc:3845 imb:0 pmb:912 smb:7248 d:- ref:0 ;
in:211 out:212 type:b dur:2 cpbdur:2 q:18.56 aq:13.85 tex:24223 mv:2605 misc:5500 imb:1 pmb:1980 smb:6179 d:- ref:0 ;
in:216 out:213 type:P dur:2 cpbdur:2 q:18.50 aq:6.86 tex:247429 mv:1194 misc:5457 imb:23 pmb:3430 smb:4707 d:- ref:0 ;
in:214 out:214 type:B dur:2 cpbdur:2 q:18.49 aq:12.44 tex:22810 mv:1513 misc:4557 imb:0 pmb:1192 smb:6968 d:- ref:0 ;
in:213 out:215 type:b dur:2 cpbdur:2 q:18.48 aq:13.46 tex:3245 mv:408 misc:1963 imb:0 pmb:291 smb:7869 d:- ref:0 ;
in:215 out:216 type:b dur:2 cpbdur:2 q:18.49 aq:13.16 tex:2848 mv:348 misc:1548 imb:0 pmb:199 smb:7961 d:- ref:0 ;
in:220 out:217 type:P dur:2 cpbdur:2 q:18.41 aq:7.01 tex:108545 mv:645 misc:5290 imb:11 pmb:1690 smb:6459 d:- ref:0 ;
in:218 out:218 type:B dur:2 cpbdur:2 q:18.45 aq:12.29 tex:21566 mv:890 misc:4152 imb:0 pmb:1011 smb:7149 d:- ref:0 ;
in:217 out:219 type:b dur:2 cpbdur:2 q:18.48 aq:13.14 tex:2312 mv:273 misc:1351 imb:0 pmb:161 smb:7999 d:- ref:0 ;
in:219 out:220 type:b dur:2 cpbdur:2 q:18.43 aq:12.56 tex:2798 mv:282 misc:1424 imb:0 pmb:177 smb:7983 d:- ref:0 ;
in:224 out:221 type:P dur:2 cpbdur:2 q:18.21 aq:6.73 tex:61980 mv:583 misc:4677 imb:21 pmb:1166 smb:6973 d:- ref:0 ;
in:222 out:222 type:B dur:2 cpbdur:2 q:18.31 aq:11.94 tex:22115 mv:752 misc:4125 imb:0 pmb:1009 smb:7151 d:- ref:0 ;
in:221 out:223 type:b dur:2 cpbdur:2 q:18.36 aq:12.81 tex:2175 mv:240 misc:1217 imb:0 pmb:137 smb:8023 d:- ref:0 ;
in:223 out:224 type:b dur:2 cpbdur:2 q:18.26 aq:12.69 tex:3071 mv:301 misc:1468 imb:0 pmb:191 smb:7969 d:- ref:0 ;
in:228 out:225 type:P dur:2 cpbdur:2 q:17.94 aq:7.14 tex:42174 mv:412 misc:4206 imb:14 pmb:953 smb:7193 d:- ref:0 ;
in:226 out:226 type:B dur:2 cpbdur:2 q:18.08 aq:11.83 tex:24637 mv:623 misc:4236 imb:0 pmb:1086 smb:7074 d:- ref:0 ;
in:225 out:227 type:b dur:2 cpbdur:2 q:18.14 aq:12.73 tex:2434 mv:272 misc:1334 imb:0 pmb:160 smb:8000 d:- ref:0 ;
in:227 out:228 type:b dur:2 cpbdur:2 q:18.01 aq:12.27 tex:3305 mv:349 misc:1578 imb:0 pmb:210 smb:7950 d:- ref:0 ;
in:232 out:229 type:P dur:2 cpbdur:2 q:17.92 aq:7.99 tex:23543 mv:323 misc:3526 imb:8 pmb:708 smb:7444 d:- ref:0 ;
in:230 out:230 type:B dur:2 cpbdur:2 q:17.93 aq:10.91 tex:25887 mv:494 misc:4339 imb:0 pmb:1129 smb:7031 d:- ref:0 ;
in:229 out:231 type:b dur:2 cpbdur:2 q:17.94 aq:12.98 tex:2711 mv:300 misc:1445 imb:0 pmb:176 smb:7984 d:- ref:0 ;
in:231 out:232 type:b dur:2 cpbdur:2 q:17.93 aq:11.88 tex:3389 mv:355 misc:1584 imb:0 pmb:211 smb:7949 d:- ref:0 ;
in:234 out:233 type:P dur:2 cpbdur:2 q:17.66 aq:7.18 tex:187811 mv:1054 misc:5351 imb:17 pmb:3515 smb:4628 d:- ref:0 ;
in:233 out:234 type:b dur:2 cpbdur:2 q:17.79 aq:12.78 tex:2827 mv:446 misc:1655 imb:0 pmb:228 smb:7932 d:- ref:0 ;
in:238 out:235 type:P dur:2 cpbdur:2 q:17.54 aq:6.95 tex:1044705 mv:13150 misc:2009 imb:313 pmb:4996 smb:2851 d:- ref:0 ;
in:236 out:236 type:B dur:2 cpbdur:2 q:17.60 aq:11.42 tex:73704 mv:4573 misc:6187 imb:6 pmb:2921 smb:5233 d:- ref:0 ;
in:235 out:237 type:b dur:2 cpbdur:2 q:17.63 aq:13.95 tex:38407 mv:5775 misc:6002 imb:8 pmb:2592 smb:5560 d:- ref:0 ;
in:237 out:238 type:b dur:2 cpbdur:2 q:17.57 aq:13.87 tex:11673 mv:1659 misc:4084 imb:0 pmb:960 smb:7200 d:- ref:0 ;
in:242 out:239 type:P dur:2 cpbdur:2 q:17.34 aq:6.92 tex:209640 mv:1691 misc:5653 imb:15 pmb:2956 smb:5189 d:- ref:0 ;
in:240 out:240 type:B dur:2 cpbdur:2 q:17.44 aq:11.65 tex:32495 mv:2195 misc:5422 imb:0 pmb:1712 smb:6448 d:- ref:0 ;
in:239 out:241 type:b dur:2 cpbdur:2 q:17.49 aq:12.65 tex:5423 mv:738 misc:2607 imb:0 pmb:437 smb:7723 d:- ref:0 ;
in:241 out:242 type:b dur:2 cpbdur:2 q:17.39 aq:13.02 tex:5018 mv:530 misc:2228 imb:0 pmb:350 smb:7810 d:- ref:0 ;
in:246 out:243 type:P dur:2 cpbdur:2 q:17.04 aq:8.07 tex:75336 mv:759 misc:5065 imb:13 pmb:1446 smb:6701 d:- ref:0 ;
in:244 out:244 type:B dur:2 cpbdur:2 q:17.19 aq:11.38 tex:34794 mv:1297 misc:5109 imb:0 pmb:1519 smb:6641 d:- ref:0 ;
in:243 out:245 type:b dur:2 cpbdur:2 q:17.26 aq:13.09 tex:7036 mv:531 misc:2073 imb:0 pmb:315 smb:7845 d:- ref:0 ;
in:245 out:246 type:b dur:2 cpbdur:2 q:17.12 aq:12.87 tex:4969 mv:460 misc:2051 imb:0 pmb:311 smb:7849 d:- ref:0 ;
in:249 out:247 type:P dur:2 cpbdur:2 q:16.75 aq:12.27 tex:6476 mv:199 misc:2077 imb:5 pmb:299 smb:7856 d:- ref:0 ;
in:247 out:248 type:B dur:2 cpbdur:2 q:16.94 aq:12.38 tex:4954 mv:109 misc:1729 imb:0 pmb:231 smb:7929 d:- ref:0 ;
in:248 out:249 type:b dur:2 cpbdur:2 q:16.85 aq:11.35 tex:14362 mv:544 misc:3438 imb:0 pmb:754 smb:7406 d:- ref:0 ;
in:250 out:250 type:I dur:2 cpbdur:2 q:14.87 aq:4.45 tex:2415067 mv:179147 misc:282 imb:8160 pmb:0 smb:0 d:- ref:;
in:254 out:251 type:P dur:2 cpbdur:2 q:16.68 aq:8.43 tex:5262 mv:229 misc:1549 imb:7 pmb:177 smb:7976 d:- ref:0 ;
in:252 out:252 type:B dur:2 cpbdur:2 q:16.68 aq:10.59 tex:35425 mv:447 misc:4888 imb:0 pmb:1508 smb:6652 d:- ref:0 ;
in:251 out:253 type:b dur:2 cpbdur:2 q:16.68 aq:10.55 tex:5237 mv:494 misc:2013 imb:0 pmb:310 smb:7850 d:- ref:0 ;
in:253 out:254 type:b dur:2 cpbdur:2 q:16.68 aq:10.69 tex:5711 mv:508 misc:2037 imb:0 pmb:324 smb:7836 d:- ref:0 ;
in:258 out:255 type:P dur:2 cpbdur:2 q:16.58 aq:11.19 tex:831 mv:131 misc:678 imb:4 pmb:28 smb:8128 d:- ref:0 ;
in:256 out:256 type:B dur:2 cpbdur:2 q:16.63 aq:10.55 tex:36561 mv:173 misc:4946 imb:0 pmb:1547 smb:6613 d:- ref:0 ;
in:255 out:257 type:b dur:2 cpbdur:2 q:16.66 aq:10.32 tex:5336 mv:511 misc:2057 imb:0 pmb:323 smb:7837 d:- ref:0 ;
in:257 out:258 type:b dur:2 cpbdur:2 q:16.61 aq:10.52 tex:5953 mv:522 misc:2093 imb:0 pmb:336 smb:7824 d:- ref:0 ;
in:262 out:259 type:P dur:2 cpbdur:2 q:16.36 aq:10.41 tex:1555882 mv:31339 misc:1235 imb:4877 pmb:552 smb:2731 d:- ref:0 ;
in:260 out:260 type:B dur:2 cpbdur:2 q:16.47 aq:11.78 tex:793434 mv:39060 misc:1746 imb:738 pmb:4353 smb:3069 d:- ref:0 ;
in:259 out:261 type:b dur:2 cpbdur:2 q:16.52 aq:13.96 tex:325058 mv:26026 misc:1876 imb:358 pmb:4590 smb:3212 d:- ref:0 ;
in:261 out:262 type:b dur:2 cpbdur:2 q:16.41 aq:13.21 tex:261339 mv:41506 misc:2979 imb:179 pmb:4327 smb:3654 d:- ref:0 ;
in:266 out:263 type:P dur:2 cpbdur:2 q:16.25 aq:11.10 tex:1238942 mv:43485 misc:1621 imb:1352 pmb:3852 smb:2956 d:- ref:0 ;
in:264 out:264 type:B dur:2 cpbdur:2 q:16.31 aq:12.63 tex:543920 mv:58257 misc:1551 imb:327 pmb:4529 smb:3304 d:- ref:0 ;
in:263 out:265 type:b dur:2 cpbdur:2 q:16.33 aq:13.28 tex:386108 mv:48949 misc:1975 imb:292 pmb:4472 smb:3396 d:- ref:0 ;
in:265 out:266 type:b dur:2 cpbdur:2 q:16.28 aq:13.21 tex:82303 mv:12113 misc:5592 imb:2 pmb:3473 smb:4685 d:- ref:0 ;
in:270 out:267 type:P dur:2 cpbdur:2 q:16.07 aq:10.05 tex:1358902 mv:45563 misc:1487 imb:1442 pmb:3715 smb:3003 d:- ref:0 ;
in:268 out:268 type:B dur:2 cpbdur:2 q:16.16 aq:11.93 tex:769897 mv:65712 misc:1367 imb:494 pmb:4418 smb:3248 d:- ref:0 ;
in:267 out:269 type:b dur:2 cpbdur:2 q:16.21 aq:13.49 tex:411844 mv:54933 misc:1735 imb:352 pmb:4483 smb:3325 d:- ref:0 ;
in:269 out:270 type:b dur:2 cpbdur:2 q:16.12 aq:13.06 tex:351682 mv:45775 misc:2031 imb:209 pmb:4557 smb:3394 d:- ref:0 ;
in:274 out:271 type:P dur:2 cpbdur:2 q:16.14 aq:10.73 tex:1409786 mv:46474 misc:1340 imb:1865 pmb:3252 smb:3043 d:- ref:0 ;
in:272 out:272 type:B dur:2 cpbdur:2 q:16.11 aq:12.25 tex:819735 mv:72276 misc:1333 imb:658 pmb:4283 smb:3219 d:- ref:0 ;
in:271 out:273 type:b dur:2 cpbdur:2 q:16.09 aq:13.41 tex:398932 mv:58365 misc:1783 imb:403 pmb:4408 smb:3349 d:- ref:0 ;
in:273 out:274 type:b dur:2 cpbdur:2 q:16.13 aq:13.44 tex:453908 mv:60674 misc:1554 imb:374 pmb:4472 smb:3314 d:- ref:0 ;
in:277 out:275 type:P dur:2 cpbdur:2 q:15.93 aq:10.16 tex:1372682 mv:44639 misc:1431 imb:1680 pmb:3384 smb:3096 d:- ref:0 ;
in:275 out:276 type:B dur:2 cpbdur:2 q:16.07 aq:12.58 tex:525042 mv:57935 misc:1663 imb:427 pmb:4355 smb:3378 d:- ref:0 ;
in:276 out:277 type:b dur:2 cpbdur:2 q:16.00 aq:13.31 tex:461036 mv:61706 misc:1778 imb:553 pmb:4257 smb:3350 d:- ref:0 ;
in:280 out:278 type:P dur:2 cpbdur:2 q:16.14 aq:11.08 tex:1340735 mv:45352 misc:1465 imb:1658 pmb:3411 smb:3091 d:- ref:0 ;
in:278 out:279 type:B dur:2 cpbdur:2 q:16.00 aq:12.46 tex:514902 mv:57595 misc:1615 imb:335 pmb:4482 smb:3343 d:- ref:0 ;
in:279 out:280 type:b dur:2 cpbdur:2 q:16.07 aq:13.30 tex:464377 mv:63450 misc:1685 imb:566 pmb:4280 smb:3314 d:- ref:0 ;
in:284 out:281 type:P dur:2 cpbdur:2 q:16.31 aq:10.70 tex:1327333 mv:46891 misc:1368 imb:1567 pmb:3506 smb:3087 d:- ref:0 ;
in:282 out:282 type:B dur:2 cpbdur:2 q:16.23 aq:12.11 tex:677601 mv:68040 misc:1359 imb:397 pmb:4511 smb:3252 d:- ref:0 ;
in:281 out:283 type:b dur:2 cpbdur:2 q:16.19 aq:13.38 tex:365179 mv:54419 misc:2074 imb:212 pmb:4536 smb:3412 d:- ref:0 ;
in:283 out:284 type:b dur:2 cpbdur:2 q:16.27 aq:13.39 tex:307998 mv:50666 misc:2080 imb:69 pmb:4685 smb:3406 d:- ref:0 ;
in:288 out:285 type:P dur:2 cpbdur:2 q:16.54 aq:11.18 tex:1350126 mv:47048 misc:1234 imb:2107 pmb:2983 smb:3070 d:- ref:0 ;
in:286 out:286 type:B dur:2 cpbdur:2 q:16.43 aq:12.37 tex:772182 mv:74096 misc:1290 imb:841 pmb:4115 smb:3204 d:- ref:0 ;
in:285 out:287 type:b dur:2 cpbdur:2 q:16.37 aq:13.70 tex:423063 mv:61261 misc:1820 imb:371 pmb:4533 smb:3256 d:- ref:0 ;
in:287 out:288 type:b dur:2 cpbdur:2 q:16.49 aq:13.78 tex:405137 mv:63618 misc:2013 imb:444 pmb:4392 smb:3324 d:- ref:0 ;
in:292 out:289 type:P dur:2 cpbdur:2 q:16.89 aq:9.96 tex:1348617 mv:49073 misc:1374 imb:1871 pmb:3582 smb:2707 d:- ref:0 ;
in:290 out:290 type:B dur:2 cpbdur:2 q:16.72 aq:12.75 tex:715146 mv:74664 misc:1598 imb:710 pmb:4385 smb:3065 d:- ref:0 ;
in:289 out:291 type:b dur:2 cpbdur:2 q:16.63 aq:13.77 tex:363957 mv:57940 misc:1951 imb:376 pmb:4554 smb:3230 d:- ref:0 ;
in:291 out:292 type:b dur:2 cpbdur:2 q:16.80 aq:13.95 tex:382272 mv:60552 misc:1936 imb:427 pmb:4298 smb:3435 d:- ref:0 ;
in:296 out:293 type:P dur:2 cpbdur:2 q:17.26 aq:10.93 tex:1134736 mv:48382 misc:1610 imb:1559 pmb:3795 smb:2806 d:- ref:0 ;
in:294 out:294 type:B dur:2 cpbdur:2 q:17.07 aq:12.66 tex:573357 mv:68489 misc:1682 imb:415 pmb:4595 smb:3150 d:- ref:0 ;
in:293 out:295 type:b dur:2 cpbdur:2 q:16.98 aq:14.06 tex:282534 mv:47699 misc:2663 imb:158 pmb:4467 smb:3535 d:- ref:0 ;
in:295 out:296 type:b dur:2 cpbdur:2 q:17.17 aq:14.01 tex:259684 mv:51046 misc:2286 imb:137 pmb:4474 smb:3549 d:- ref:0 ;
in:300 out:297 type:P dur:2 cpbdur:2 q:17.54 aq:11.13 tex:1158425 mv:47707 misc:1364 imb:2238 pmb:3277 smb:2645 d:- ref:0 ;
in:298 out:298 type:B dur:2 cpbdur:2 q:17.40 aq:13.24 tex:682222 mv:71896 misc:1730 imb:843 pmb:4218 smb:3099 d:- ref:0 ;
in:297 out:299 type:b dur:2 cpbdur:2 q:17.33 aq:14.50 tex:396668 mv:60133 misc:1959 imb:472 pmb:4444 smb:3244 d:- ref:0 ;
in:299 out:300 type:b dur:2 cpbdur:2 q:17.47 aq:14.45 tex:310588 mv:54568 misc:2276 imb:479 pmb:4070 smb:3611 d:- ref:0 ;
in:303 out:301 type:P dur:2 cpbdur:2 q:17.80 aq:11.83 tex:1040663 mv:46880 misc:1409 imb:1739 pmb:3314 smb:3107 d:- ref:0 ;
in:301 out:302 type:B dur:2 cpbdur:2 q:17.62 aq:13.49 tex:437376 mv:63987 misc:1829 imb:555 pmb:4149 smb:3456 d:- ref:0 ;
in:302 out:303 type:b dur:2 cpbdur:2 q:17.71 aq:14.83 tex:291495 mv:51576 misc:1961 imb:256 pmb:4342 smb:3562 d:- ref:0 ;
in:307 out:304 type:P dur:2 cpbdur:2 q:18.04 aq:12.15 tex:1054147 mv:47506 misc:1443 imb:1895 pmb:3162 smb:3103 d:- ref:0 ;
in:305 out:305 type:B dur:2 cpbdur:2 q:17.92 aq:13.68 tex:554306 mv:67023 misc:1383 imb:538 pmb:4283 smb:3339 d:- ref:0 ;
in:304 out:306 type:b dur:2 cpbdur:2 q:17.86 aq:14.95 tex:235912 mv:48350 misc:2162 imb:168 pmb:4372 smb:3620 d:- ref:0 ;
in:306 out:307 type:b dur:2 cpbdur:2 q:17.98 aq:15.05 tex:301083 mv:56010 misc:1979 imb:345 pmb:4252 smb:3563 d:- ref:0 ;
in:311 out:308 type:P dur:2 cpbdur:2 q:18.28 aq:11.51 tex:992666 mv:47930 misc:1836 imb:2403 pmb:3248 smb:2509 d:- ref:0 ;
in:309 out:309 type:B dur:2 cpbdur:2 q:18.16 aq:13.40 tex:507514 mv:68411 misc:1899 imb:718 pmb:4199 smb:3243 d:- ref:0 ;
in:308 out:310 type:b dur:2 cpbdur:2 q:18.10 aq:14.43 tex:282543 mv:50181 misc:2404 imb:351 pmb:4091 smb:3718 d:- ref:0 ;
in:310 out:311 type:b dur:2 cpbdur:2 q:18.22 aq:14.63 tex:277261 mv:53245 misc:2190 imb:340 pmb:4297 smb:3523 d:- ref:0 ;
in:312 out:312 type:P dur:2 cpbdur:2 q:18.45 aq:12.01 tex:675456 mv:40461 misc:1963 imb:1243 pmb:3694 smb:3223 d:- ref:0 ;
in:316 out:313 type:P dur:2 cpbdur:2 q:18.48 aq:13.20 tex:727231 mv:44123 misc:1654 imb:1794 pmb:3306 smb:3060 d:- ref:0 ;
in:314 out:314 type:B dur:2 cpbdur:2 q:18.46 aq:14.67 tex:390096 mv:52932 misc:2188 imb:660 pmb:4074 smb:3426 d:- ref:0 ;
in:313 out:315 type:b dur:2 cpbdur:2 q:18.46 aq:14.69 tex:105486 mv:14280 misc:4346 imb:26 pmb:4053 smb:4081 d:- ref:0 ;
in:315 out:316 type:b dur:2 cpbdur:2 q:18.47 aq:14.72 tex:223532 mv:39845 misc:3287 imb:323 pmb:3807 smb:4030 d:- ref:0 ;
in:320 out:317 type:P dur:2 cpbdur:2 q:18.67 aq:11.68 tex:815543 mv:33771 misc:1134 imb:4898 pmb:445 smb:2817 d:- ref:0 ;
in:318 out:318 type:B dur:2 cpbdur:2 q:18.57 aq:13.72 tex:269491 mv:32432 misc:2805 imb:1100 pmb:3388 smb:3672 d:- ref:0 ;
in:317 out:319 type:b dur:2 cpbdur:2 q:18.53 aq:14.93 tex:239626 mv:23711 misc:4023 imb:369 pmb:3770 smb:4021 d:- ref:0 ;
in:319 out:320 type:b dur:2 cpbdur:2 q:18.62 aq:13.78 tex:84445 mv:25208 misc:4643 imb:152 pmb:3419 smb:4589 d:- ref:0 ;
in:324 out:321 type:P dur:2 cpbdur:2 q:18.75 aq:11.29 tex:530893 mv:42848 misc:1627 imb:1833 pmb:3396 smb:2931 d:- ref:0 ;
in:322 out:322 type:B dur:2 cpbdur:2 q:18.71 aq:13.31 tex:254890 mv:45582 misc:2656 imb:514 pmb:4124 smb:3522 d:- ref:0 ;
in:321 out:323 type:b dur:2 cpbdur:2 q:18.69 aq:13.78 tex:54698 mv:16945 misc:5445 imb:126 pmb:3152 smb:4882 d:- ref:0 ;
in:323 out:324 type:b dur:2 cpbdur:2 q:18.73 aq:14.06 tex:102635 mv:29149 misc:4600 imb:178 pmb:3626 smb:4356 d:- ref:0 ;
in:328 out:325 type:P dur:2 cpbdur:2 q:18.86 aq:11.61 tex:592507 mv:41714 misc:2211 imb:1782 pmb:3201 smb:3177 d:- ref:0 ;
in:326 out:326 type:B dur:2 cpbdur:2 q:18.81 aq:13.74 tex:251556 mv:45779 misc:2641 imb:542 pmb:3936 smb:3682 d:- ref:0 ;
in:325 out:327 type:b dur:2 cpbdur:2 q:18.78 aq:14.11 tex:146807 mv:38919 misc:2826 imb:309 pmb:3843 smb:4008 d:- ref:0 ;
in:327 out:328 type:b dur:2 cpbdur:2 q:18.83 aq:14.14 tex:109423 mv:32225 misc:3800 imb:210 pmb:3505 smb:4445 d:- ref:0 ;
in:332 out:329 type:P dur:2 cpbdur:2 q:18.95 aq:11.50 tex:709898 mv:42935 misc:1783 imb:1984 pmb:3036 smb:3140 d:- ref:0 ;
in:330 out:330 type:B dur:2 cpbdur:2 q:18.90 aq:13.86 tex:272705 mv:51007 misc:2304 imb:520 pmb:3990 smb:3650 d:- ref:0 ;
in:329 out:331 type:b dur:2 cpbdur:2 q:18.88 aq:14.04 tex:117011 mv:34078 misc:3887 imb:248 pmb:3536 smb:4376 d:- ref:0 ;
in:331 out:332 type:b dur:2 cpbdur:2 q:18.93 aq:14.15 tex:139056 mv:38379 misc:3357 imb:300 pmb:3806 smb:4054 d:- ref:0 ;
in:336 out:333 type:P dur:2 cpbdur:2 q:19.00 aq:11.99 tex:592345 mv:41183 misc:1920 imb:1549 pmb:3321 smb:3290 d:- ref:0 ;
in:334 out:334 type:B dur:2 cpbdur:2 q:18.98 aq:14.44 tex:207861 mv:41923 misc:2600 imb:318 pmb:4053 smb:3789 d:- ref:0 ;
in:333 out:335 type:b dur:2 cpbdur:2 q:18.96 aq:14.23 tex:60340 mv:11407 misc:5301 imb:26 pmb:3348 smb:4786 d:- ref:0 ;
in:335 out:336 type:b dur:2 cpbdur:2 q:18.99 aq:14.61 tex:127946 mv:35275 misc:3827 imb:297 pmb:3568 smb:4295 d:- ref:0 ;
in:340 out:337 type:P dur:2 cpbdur:2 q:18.99 aq:12.26 tex:659384 mv:43024 misc:1784 imb:1819 pmb:3128 smb:3213 d:- ref:0 ;
in:338 out:338 type:B dur:2 cpbdur:2 q:18.99 aq:14.18 tex:282148 mv:49132 misc:2392 imb:512 pmb:3939 smb:3709 d:- ref:0 ;
in:337 out:339 type:b dur:2 cpbdur:2 q:19.00 aq:14.56 tex:132684 mv:36491 misc:3705 imb:285 pmb:3597 smb:4278 d:- ref:0 ;
in:339 out:340 type:b dur:2 cpbdur:2 q:18.99 aq:14.55 tex:130850 mv:35298 misc:3588 imb:255 pmb:3820 smb:4085 d:- ref:0 ;
in:344 out:341 type:P dur:2 cpbdur:2 q:18.88 aq:12.28 tex:611748 mv:40956 misc:1856 imb:1604 pmb:3441 smb:3115 d:- ref:0 ;
in:342 out:342 type:B dur:2 cpbdur:2 q:18.94 aq:14.13 tex:257472 mv:44300 misc:2420 imb:428 pmb:4077 smb:3655 d:- ref:0 ;
in:341 out:343 type:b dur:2 cpbdur:2 q:18.96 aq:14.34 tex:77342 mv:20171 misc:4687 imb:92 pmb:3685 smb:4383 d:- ref:0 ;
in:343 out:344 type:b dur:2 cpbdur:2 q:18.91 aq:14.27 tex:57891 mv:16444 misc:5217 imb:34 pmb:3257 smb:4869 d:- ref:0 ;
in:348 out:345 type:P dur:2 cpbdur:2 q:18.82 aq:12.00 tex:796509 mv:41841 misc:1618 imb:2183 pmb:2865 smb:3112 d:- ref:0 ;
in:346 out:346 type:B dur:2 cpbdur:2 q:18.85 aq:14.12 tex:322105 mv:51925 misc:2138 imb:755 pmb:3822 smb:3583 d:- ref:0 ;
in:345 out:347 type:b dur:2 cpbdur:2 q:18.87 aq:14.43 tex:181313 mv:45396 misc:2803 imb:480 pmb:3703 smb:3977 d:- ref:0 ;
in:347 out:348 type:b dur:2 cpbdur:2 q:18.84 aq:14.48 tex:162081 mv:38508 misc:2707 imb:214 pmb:4071 smb:3875 d:- ref:0 ;
in:352 out:349 type:P dur:2 cpbdur:2 q:18.78 aq:10.56 tex:765321 mv:40657 misc:1902 imb:1507 pmb:3419 smb:3234 d:- ref:0 ;
in:350 out:350 type:B dur:2 cpbdur:2 q:18.80 aq:13.67 tex:325756 mv:42936 misc:2188 imb:299 pmb:4314 smb:3547 d:- ref:0 ;
in:349 out:351 type:b dur:2 cpbdur:2 q:18.81 aq:14.48 tex:160785 mv:38980 misc:2619 imb:190 pmb:4096 smb:3874 d:- ref:0 ;
in:351 out:352 type:b dur:2 cpbdur:2 q:18.79 aq:14.37 tex:57547 mv:7940 misc:5473 imb:24 pmb:3114 smb:5022 d:- ref:0 ;
in:356 out:353 type:P dur:2 cpbdur:2 q:18.74 aq:11.59 tex:749897 mv:39140 misc:1763 imb:1388 pmb:3535 smb:3237 d:- ref:0 ;
in:354 out:354 type:B dur:2 cpbdur:2 q:18.76 aq:13.21 tex:270206 mv:42587 misc:2391 imb:242 pmb:4239 smb:3679 d:- ref:0 ;
in:353 out:355 type:b dur:2 cpbdur:2 q:18.77 aq:14.49 tex:103053 mv:28366 misc:3661 imb:75 pmb:3794 smb:4291 d:- ref:0 ;
in:355 out:356 type:b dur:2 cpbdur:2 q:18.75 aq:14.40 tex:107963 mv:28667 misc:3562 imb:128 pmb:3940 smb:4092 d:- ref:0 ;
in:360 out:357 type:P dur:2 cpbdur:2 q:18.74 aq:11.73 tex:689689 mv:35896 misc:1943 imb:1113 pmb:3689 smb:3358 d:- ref:0 ;
in:358 out:358 type:B dur:2 cpbdur:2 q:18.74 aq:14.08 tex:258525 mv:36715 misc:2480 imb:174 pmb:4302 smb:3684 d:- ref:0 ;
in:357 out:359 type:b dur:2 cpbdur:2 q:18.74 aq:14.38 tex:122843 mv:29296 misc:2845 imb:132 pmb:4108 smb:3920 d:- ref:0 ;
in:359 out:360 type:b dur:2 cpbdur:2 q:18.74 aq:14.44 tex:89200 mv:22587 misc:4205 imb:54 pmb:3585 smb:4521 d:- ref:0 ;
in:364 out:361 type:P dur:2 cpbdur:2 q:18.71 aq:10.63 tex:858894 mv:39865 misc:1665 imb:1803 pmb:3624 smb:2733 d:- ref:0 ;
in:362 out:362 type:B dur:2 cpbdur:2 q:18.73 aq:13.70 tex:250014 mv:37200 misc:2842 imb:230 pmb:4214 smb:3716 d:- ref:0 ;
in:361 out:363 type:b dur:2 cpbdur:2 q:18.74 aq:14.13 tex:85450 mv:26360 misc:4414 imb:58 pmb:3464 smb:4638 d:- ref:0 ;
in:363 out:364 type:b dur:2 cpbdur:2 q:18.72 aq:14.34 tex:121838 mv:29590 misc:4100 imb:277 pmb:3882 smb:4001 d:- ref:0 ;
in:368 out:365 type:P dur:2 cpbdur:2 q:18.74 aq:10.69 tex:742285 mv:35736 misc:1931 imb:1192 pmb:3970 smb:2998 d:- ref:0 ;
in:366 out:366 type:B dur:2 cpbdur:2 q:18.73 aq:14.11 tex:172743 mv:30889 misc:3376 imb:146 pmb:4082 smb:3932 d:- ref:0 ;
in:365 out:367 type:b dur:2 cpbdur:2 q:18.72 aq:14.37 tex:63832 mv:11890 misc:5054 imb:27 pmb:3558 smb:4575 d:- ref:0 ;
in:367 out:368 type:b dur:2 cpbdur:2 q:18.73 aq:14.38 tex:89661 mv:24012 misc:4359 imb:80 pmb:3296 smb:4784 d:- ref:0 ;
in:372 out:369 type:P dur:2 cpbdur:2 q:18.77 aq:10.77 tex:709156 mv:33596 misc:2656 imb:1030 pmb:3525 smb:3605 d:- ref:0 ;
in:370 out:370 type:B dur:2 cpbdur:2 q:18.75 aq:13.51 tex:235743 mv:32540 misc:2933 imb:134 pmb:3828 smb:4198 d:- ref:0 ;
in:369 out:371 type:b dur:2 cpbdur:2 q:18.75 aq:14.25 tex:90024 mv:23084 misc:4132 imb:92 pmb:3128 smb:4940 d:- ref:0 ;
in:371 out:372 type:b dur:2 cpbdur:2 q:18.76 aq:14.42 tex:104817 mv:21555 misc:4700 imb:137 pmb:3183 smb:4840 d:- ref:0 ;
in:376 out:373 type:P dur:2 cpbdur:2 q:18.75 aq:10.48 tex:785062 mv:35826 misc:2056 imb:1324 pmb:3711 smb:3125 d:- ref:0 ;
in:374 out:374 type:B dur:2 cpbdur:2 q:18.76 aq:13.84 tex:238386 mv:34958 misc:3328 imb:263 pmb:3957 smb:3940 d:- ref:0 ;
in:373 out:375 type:b dur:2 cpbdur:2 q:18.77 aq:14.01 tex:47173 mv:11072 misc:5299 imb:14 pmb:2832 smb:5314 d:- ref:0 ;
in:375 out:376 type:b dur:2 cpbdur:2 q:18.76 aq:13.91 tex:36562 mv:10782 misc:5288 imb:13 pmb:2528 smb:5619 d:- ref:0 ;
in:380 out:377 type:P dur:2 cpbdur:2 q:18.73 aq:10.61 tex:744694 mv:32833 misc:2681 imb:1123 pmb:3570 smb:3467 d:- ref:0 ;
in:378 out:378 type:B dur:2 cpbdur:2 q:18.74 aq:13.13 tex:252886 mv:32194 misc:3200 imb:226 pmb:3645 smb:4289 d:- ref:0 ;
in:377 out:379 type:b dur:2 cpbdur:2 q:18.75 aq:13.97 tex:21736 mv:5166 misc:5218 imb:5 pmb:1847 smb:6308 d:- ref:0 ;
in:379 out:380 type:b dur:2 cpbdur:2 q:18.74 aq:14.05 tex:103914 mv:22838 misc:4416 imb:249 pmb:2418 smb:5493 d:- ref:0 ;
in:384 out:381 type:P dur:2 cpbdur:2 q:18.71 aq:10.12 tex:711352 mv:30420 misc:2636 imb:812 pmb:3612 smb:3736 d:- ref:0 ;
in:382 out:382 type:B dur:2 cpbdur:2 q:18.72 aq:13.26 tex:198811 mv:25747 misc:3698 imb:136 pmb:3564 smb:4460 d:- ref:0 ;
in:381 out:383 type:b dur:2 cpbdur:2 q:18.73 aq:13.96 tex:19851 mv:3709 misc:4640 imb:4 pmb:1554 smb:6602 d:- ref:0 ;
in:383 out:384 type:b dur:2 cpbdur:2 q:18.72 aq:14.55 tex:27732 mv:7637 misc:5111 imb:2 pmb:2231 smb:5927 d:- ref:0 ;
in:388 out:385 type:P dur:2 cpbdur:2 q:18.66 aq:9.64 tex:887603 mv:33770 misc:2411 imb:978 pmb:3813 smb:3369 d:- ref:0 ;
in:386 out:386 type:B dur:2 cpbdur:2 q:18.68 aq:13.72 tex:148248 mv:28562 misc:3870 imb:157 pmb:3629 smb:4374 d:- ref:0 ;
in:385 out:387 type:b dur:2 cpbdur:2 q:18.70 aq:14.27 tex:96715 mv:23534 misc:4071 imb:107 pmb:3010 smb:5043 d:- ref:0 ;
in:387 out:388 type:b dur:2 cpbdur:2 q:18.67 aq:13.82 tex:34578 mv:9508 misc:5362 imb:7 pmb:2499 smb:5654 d:- ref:0 ;
in:392 out:389 type:P dur:2 cpbdur:2 q:18.62 aq:9.49 tex:928921 mv:29908 misc:2611 imb:730 pmb:3743 smb:3687 d:- ref:0 ;
in:390 out:390 type:B dur:2 cpbdur:2 q:18.64 aq:13.31 tex:146158 mv:23677 misc:4253 imb:91 pmb:3360 smb:4709 d:- ref:0 ;
in:389 out:391 type:b dur:2 cpbdur:2 q:18.65 aq:14.09 tex:76940 mv:19622 misc:4246 imb:76 pmb:2915 smb:5169 d:- ref:0 ;
in:391 out:392 type:b dur:2 cpbdur:2 q:18.63 aq:13.86 tex:37370 mv:10935 misc:4647 imb:17 pmb:2054 smb:6089 d:- ref:0 ;
in:396 out:393 type:P dur:2 cpbdur:2 q:18.59 aq:9.11 tex:817872 mv:22654 misc:2794 imb:401 pmb:4086 smb:3673 d:- ref:0 ;
in:394 out:394 type:B dur:2 cpbdur:2 q:18.60 aq:12.97 tex:121864 mv:14561 misc:4751 imb:30 pmb:3339 smb:4791 d:- ref:0 ;
in:393 out:395 type:b dur:2 cpbdur:2 q:18.61 aq:14.30 tex:25844 mv:6251 misc:4673 imb:6 pmb:1629 smb:6525 d:- ref:0 ;
in:395 out:396 type:b dur:2 cpbdur:2 q:18.60 aq:14.01 tex:29120 mv:7700 misc:5180 imb:5 pmb:2065 smb:6090 d:- ref:0 ;
in:400 out:397 type:P dur:2 cpbdur:2 q:18.55 aq:8.75 tex:863723 mv:20010 misc:2747 imb:271 pmb:4398 smb:3491 d:- ref:0 ;
in:398 out:398 type:B dur:2 cpbdur:2 q:18.57 aq:13.15 tex:87498 mv:11321 misc:4901 imb:9 pmb:3286 smb:4865 d:- ref:0 ;
in:397 out:399 type:b dur:2 cpbdur:2 q:18.58 aq:14.09 tex:22342 mv:6031 misc:4563 imb:7 pmb:1545 smb:6608 d:- ref:0 ;
in:399 out:400 type:b dur:2 cpbdur:2 q:18.56 aq:14.02 tex:23402 mv:4901 misc:5145 imb:4 pmb:1896 smb:6260 d:- ref:0 ;
in:404 out:401 type:P dur:2 cpbdur:2 q:18.49 aq:8.42 tex:715671 mv:14926 misc:3355 imb:380 pmb:4043 smb:3737 d:- ref:0 ;
in:402 out:402 type:B dur:2 cpbdur:2 q:18.52 aq:13.33 tex:59319 mv:7128 misc:5377 imb:5 pmb:2657 smb:5498 d:- ref:0 ;
in:401 out:403 type:b dur:2 cpbdur:2 q:18.53 aq:13.89 tex:20362 mv:3551 misc:4887 imb:5 pmb:1532 smb:6623 d:- ref:0 ;
in:403 out:404 type:b dur:2 cpbdur:2 q:18.50 aq:13.93 tex:42424 mv:5531 misc:4669 imb:85 pmb:1570 smb:6505 d:- ref:0 ;
in:408 out:405 type:P dur:2 cpbdur:2 q:18.44 aq:7.78 tex:793748 mv:17601 misc:3507 imb:500 pmb:3633 smb:4027 d:- ref:0 ;
in:406 out:406 type:B dur:2 cpbdur:2 q:18.47 aq:12.81 tex:107696 mv:14117 misc:5123 imb:109 pmb:2733 smb:5318 d:- ref:0 ;
in:405 out:407 type:b dur:2 cpbdur:2 q:18.48 aq:13.72 tex:36577 mv:6222 misc:4353 imb:73 pmb:1487 smb:6600 d:- ref:0 ;
in:407 out:408 type:b dur:2 cpbdur:2 q:18.45 aq:13.90 tex:57310 mv:11723 misc:4199 imb:63 pmb:1903 smb:6194 d:- ref:0 ;
in:412 out:409 type:P dur:2 cpbdur:2 q:18.41 aq:7.66 tex:653316 mv:11554 misc:3818 imb:271 pmb:3630 smb:4259 d:- ref:0 ;
in:410 out:410 type:B dur:2 cpbdur:2 q:18.43 aq:13.05 tex:58349 mv:8041 misc:5330 imb:32 pmb:2243 smb:5885 d:- ref:0 ;
in:409 out:411 type:b dur:2 cpbdur:2 q:18.43 aq:13.65 tex:29137 mv:5743 misc:4128 imb:20 pmb:1394 smb:6746 d:- ref:0 ;
in:411 out:412 type:b dur:2 cpbdur:2 q:18.42 aq:13.53 tex:27443 mv:4480 misc:4149 imb:21 pmb:1229 smb:6910 d:- ref:0 ;
in:416 out:413 type:P dur:2 cpbdur:2 q:18.34 aq:7.28 tex:804720 mv:9682 misc:2974 imb:156 pmb:4353 smb:3651 d:- ref:0 ;
in:414 out:414 type:B dur:2 cpbdur:2 q:18.37 aq:13.23 tex:50437 mv:5580 misc:5583 imb:3 pmb:2300 smb:5857 d:- ref:0 ;
in:413 out:415 type:b dur:2 cpbdur:2 q:18.39 aq:13.60 tex:21004 mv:4131 misc:5001 imb:1 pmb:1612 smb:6547 d:- ref:0 ;
in:415 out:416 type:b dur:2 cpbdur:2 q:18.35 aq:13.57 tex:22401 mv:3379 misc:5052 imb:5 pmb:1662 smb:6493 d:- ref:0 ;
in:420 out:417 type:P dur:2 cpbdur:2 q:18.27 aq:7.32 tex:394984 mv:5580 misc:4668 imb:126 pmb:3446 smb:4588 d:- ref:0 ;
in:418 out:418 type:B dur:2 cpbdur:2 q:18.30 aq:12.52 tex:29068 mv:2842 misc:5138 imb:6 pmb:1622 smb:6532 d:- ref:0 ;
in:417 out:419 type:b dur:2 cpbdur:2 q:18.32 aq:13.79 tex:7465 mv:1781 misc:3210 imb:11 pmb:748 smb:7401 d:- ref:0 ;
in:419 out:420 type:b dur:2 cpbdur:2 q:18.29 aq:13.44 tex:4804 mv:882 misc:2378 imb:0 pmb:418 smb:7742 d:- ref:0 ;
in:424 out:421 type:P dur:2 cpbdur:2 q:18.15 aq:7.41 tex:254832 mv:4559 misc:5313 imb:96 pmb:2494 smb:5570 d:- ref:0 ;
in:422 out:422 type:B dur:2 cpbdur:2 q:18.21 aq:12.36 tex:27020 mv:2910 misc:4758 imb:2 pmb:1433 smb:6725 d:- ref:0 ;
in:421 out:423 type:b dur:2 cpbdur:2 q:18.24 aq:13.47 tex:5370 mv:939 misc:2187 imb:2 pmb:415 smb:7743 d:- ref:0 ;
in:423 out:424 type:b dur:2 cpbdur:2 q:18.18 aq:13.67 tex:5020 mv:1044 misc:2200 imb:1 pmb:412 smb:7747 d:- ref:0 ;
in:428 out:425 type:P dur:2 cpbdur:2 q:18.04 aq:7.78 tex:179855 mv:3975 misc:4946 imb:60 pmb:1964 smb:6136 d:- ref:0 ;
in:426 out:426 type:B dur:2 cpbdur:2 q:18.10 aq:12.21 tex:24963 mv:2459 misc:4610 imb:2 pmb:1321 smb:6837 d:- ref:0 ;
in:425 out:427 type:b dur:2 cpbdur:2 q:18.13 aq:13.01 tex:3471 mv:600 misc:1945 imb:0 pmb:322 smb:7838 d:- ref:0 ;
in:427 out:428 type:b dur:2 cpbdur:2 q:18.07 aq:13.78 tex:4917 mv:830 misc:2125 imb:1 pmb:380 smb:7779 d:- ref:0 ;
in:432 out:429 type:P dur:2 cpbdur:2 q:17.92 aq:7.99 tex:144388 mv:4155 misc:4481 imb:69 pmb:1619 smb:6472 d:- ref:0 ;
in:430 out:430 type:B dur:2 cpbdur:2 q:17.98 aq:12.26 tex:29888 mv:2532 misc:4652 imb:3 pmb:1345 smb:6812 d:- ref:0 ;
in:429 out:431 type:b dur:2 cpbdur:2 q:18.01 aq:13.81 tex:5340 mv:1233 misc:2259 imb:0 pmb:473 smb:7687 d:- ref:0 ;
in:431 out:432 type:b dur:2 cpbdur:2 q:17.95 aq:12.87 tex:5200 mv:909 misc:2131 imb:0 pmb:384 smb:7776 d:- ref:0 ;
in:436 out:433 type:P dur:2 cpbdur:2 q:17.80 aq:8.37 tex:103983 mv:3863 misc:4002 imb:66 pmb:1350 smb:6744 d:- ref:0 ;
in:434 out:434 type:B dur:2 cpbdur:2 q:17.86 aq:11.91 tex:30978 mv:2254 misc:4640 imb:1 pmb:1404 smb:6755 d:- ref:0 ;
in:433 out:435 type:b dur:2 cpbdur:2 q:17.89 aq:13.42 tex:4286 mv:742 misc:2108 imb:0 pmb:413 smb:7747 d:- ref:0 ;
in:435 out:436 type:b dur:2 cpbdur:2 q:17.83 aq:12.20 tex:7292 mv:1240 misc:2252 imb:0 pmb:453 smb:7707 d:- ref:0 ;
in:440 out:437 type:P dur:2 cpbdur:2 q:17.66 aq:8.71 tex:209862 mv:10100 misc:3598 imb:235 pmb:1753 smb:6172 d:- ref:0 ;
in:438 out:438 type:B dur:2 cpbdur:2 q:17.73 aq:11.86 tex:62800 mv:7024 misc:4560 imb:33 pmb:1676 smb:6451 d:- ref:0 ;
in:437 out:439 type:b dur:2 cpbdur:2 q:17.77 aq:13.36 tex:12761 mv:2731 misc:2252 imb:10 pmb:564 smb:7586 d:- ref:0 ;
in:439 out:440 type:b dur:2 cpbdur:2 q:17.70 aq:12.34 tex:31521 mv:6643 misc:2676 imb:21 pmb:1049 smb:7090 d:- ref:0 ;
in:444 out:441 type:P dur:2 cpbdur:2 q:17.51 aq:7.76 tex:1069708 mv:22945 misc:2219 imb:997 pmb:4276 smb:2887 d:- ref:0 ;
in:442 out:442 type:B dur:2 cpbdur:2 q:17.59 aq:12.88 tex:190350 mv:21547 misc:5127 imb:292 pmb:3343 smb:4525 d:- ref:0 ;
in:441 out:443 type:b dur:2 cpbdur:2 q:17.62 aq:13.90 tex:93240 mv:17646 misc:5282 imb:96 pmb:2608 smb:5456 d:- ref:0 ;
in:443 out:444 type:b dur:2 cpbdur:2 q:17.55 aq:12.98 tex:46636 mv:5771 misc:5569 imb:6 pmb:2547 smb:5607 d:- ref:0 ;
in:446 out:445 type:P dur:2 cpbdur:2 q:17.40 aq:7.51 tex:378417 mv:5076 misc:4571 imb:74 pmb:4011 smb:4075 d:- ref:0 ;
in:445 out:446 type:b dur:2 cpbdur:2 q:17.45 aq:12.66 tex:38217 mv:3923 misc:5348 imb:5 pmb:2200 smb:5955 d:- ref:0 ;
in:450 out:447 type:P dur:2 cpbdur:2 q:17.32 aq:7.23 tex:1337392 mv:23047 misc:1929 imb:1030 pmb:4630 smb:2500 d:- ref:0 ;
in:448 out:448 type:B dur:2 cpbdur:2 q:17.36 aq:11.58 tex:157844 mv:16900 misc:5456 imb:187 pmb:3055 smb:4918 d:- ref:0 ;
in:447 out:449 type:b dur:2 cpbdur:2 q:17.38 aq:12.78 tex:75275 mv:8144 misc:5621 imb:13 pmb:3181 smb:4966 d:- ref:0 ;
in:449 out:450 type:b dur:2 cpbdur:2 q:17.34 aq:13.37 tex:38673 mv:4388 misc:5235 imb:5 pmb:2017 smb:6138 d:- ref:0 ;
in:454 out:451 type:P dur:2 cpbdur:2 q:17.18 aq:6.63 tex:601068 mv:14260 misc:3992 imb:418 pmb:3508 smb:4234 d:- ref:0 ;
in:452 out:452 type:B dur:2 cpbdur:2 q:17.25 aq:11.76 tex:129442 mv:16651 misc:4891 imb:121 pmb:2328 smb:5711 d:- ref:0 ;
in:451 out:453 type:b dur:2 cpbdur:2 q:17.28 aq:13.21 tex:38201 mv:4289 misc:4838 imb:3 pmb:1856 smb:6301 d:- ref:0 ;
in:453 out:454 type:b dur:2 cpbdur:2 q:17.21 aq:13.42 tex:36595 mv:3526 misc:4767 imb:0 pmb:1745 smb:6415 d:- ref:0 ;
in:458 out:455 type:P dur:2 cpbdur:2 q:17.00 aq:7.05 tex:429098 mv:11162 misc:4572 imb:205 pmb:2917 smb:5038 d:- ref:0 ;
in:456 out:456 type:B dur:2 cpbdur:2 q:17.09 aq:11.45 tex:50912 mv:4166 misc:4986 imb:0 pmb:1844 smb:6316 d:- ref:0 ;
in:455 out:457 type:b dur:2 cpbdur:2 q:17.13 aq:13.22 tex:21248 mv:2475 misc:4397 imb:1 pmb:1306 smb:6853 d:- ref:0 ;
in:457 out:458 type:b dur:2 cpbdur:2 q:17.05 aq:12.77 tex:12641 mv:1927 misc:2992 imb:0 pmb:748 smb:7412 d:- ref:0 ;
in:462 out:459 type:P dur:2 cpbdur:2 q:16.94 aq:6.03 tex:1465547 mv:20812 misc:1753 imb:1374 pmb:4279 smb:2507 d:- ref:0 ;
in:460 out:460 type:B dur:2 cpbdur:2 q:16.97 aq:10.54 tex:87908 mv:12604 misc:5592 imb:31 pmb:2616 smb:5513 d:- ref:0 ;
in:459 out:461 type:b dur:2 cpbdur:2 q:16.99 aq:12.78 tex:8004 mv:1373 misc:2735 imb:0 pmb:627 smb:7533 d:- ref:0 ;
in:461 out:462 type:b dur:2 cpbdur:2 q:16.95 aq:12.01 tex:18340 mv:4278 misc:4294 imb:2 pmb:1423 smb:6735 d:- ref:0 ;
in:466 out:463 type:P dur:2 cpbdur:2 q:16.87 aq:5.48 tex:455507 mv:8042 misc:4867 imb:71 pmb:3784 smb:4305 d:- ref:0 ;
in:464 out:464 type:B dur:2 cpbdur:2 q:16.90 aq:10.09 tex:38473 mv:3684 misc:5011 imb:0 pmb:1767 smb:6393 d:- ref:0 ;
in:463 out:465 type:b dur:2 cpbdur:2 q:16.92 aq:11.75 tex:9923 mv:1716 misc:3521 imb:0 pmb:891 smb:7269 d:- ref:0 ;
in:465 out:466 type:b dur:2 cpbdur:2 q:16.88 aq:11.78 tex:10370 mv:1251 misc:2923 imb:0 pmb:673 smb:7487 d:- ref:0 ;
in:470 out:467 type:P dur:2 cpbdur:2 q:16.88 aq:5.51 tex:597342 mv:9663 misc:4755 imb:151 pmb:2733 smb:5276 d:- ref:0 ;
in:468 out:468 type:B dur:2 cpbdur:2 q:16.87 aq:10.17 tex:82899 mv:10499 misc:3826 imb:14 pmb:1664 smb:6482 d:- ref:0 ;
in:467 out:469 type:b dur:2 cpbdur:2 q:16.87 aq:11.84 tex:38394 mv:7126 misc:2672 imb:7 pmb:1119 smb:7034 d:- ref:0 ;
in:469 out:470 type:b dur:2 cpbdur:2 q:16.87 aq:12.04 tex:31338 mv:4354 misc:4396 imb:0 pmb:1541 smb:6619 d:- ref:0 ;
in:474 out:471 type:P dur:2 cpbdur:2 q:16.83 aq:5.43 tex:280491 mv:1443 misc:4674 imb:8 pmb:2236 smb:5916 d:- ref:0 ;
in:472 out:472 type:B dur:2 cpbdur:2 q:16.85 aq:9.83 tex:24239 mv:1656 misc:4129 imb:0 pmb:1141 smb:7019 d:- ref:0 ;
in:471 out:473 type:b dur:2 cpbdur:2 q:16.86 aq:11.32 tex:4275 mv:598 misc:2031 imb:0 pmb:363 smb:7797 d:- ref:0 ;
in:473 out:474 type:b dur:2 cpbdur:2 q:16.84 aq:11.57 tex:3108 mv:435 misc:1561 imb:0 pmb:211 smb:7949 d:- ref:0 ;
in:478 out:475 type:P dur:2 cpbdur:2 q:16.70 aq:5.28 tex:131054 mv:734 misc:4684 imb:8 pmb:1586 smb:6566 d:- ref:0 ;
in:476 out:476 type:B dur:2 cpbdur:2 q:16.76 aq:9.61 tex:20340 mv:946 misc:3970 imb:0 pmb:972 smb:7188 d:- ref:0 ;
in:475 out:477 type:b dur:2 cpbdur:2 q:16.80 aq:11.12 tex:2201 mv:355 misc:1316 imb:0 pmb:160 smb:8000 d:- ref:0 ;
in:477 out:478 type:b dur:2 cpbdur:2 q:16.73 aq:10.76 tex:2763 mv:352 misc:1445 imb:0 pmb:181 smb:7979 d:- ref:0 ;
in:482 out:479 type:P dur:2 cpbdur:2 q:16.66 aq:5.60 tex:64579 mv:366 misc:4263 imb:3 pmb:1144 smb:7013 d:- ref:0 ;
in:480 out:480 type:B dur:2 cpbdur:2 q:16.68 aq:9.19 tex:20844 mv:629 misc:3935 imb:0 pmb:965 smb:7195 d:- ref:0 ;
in:479 out:481 type:b dur:2 cpbdur:2 q:16.69 aq:10.49 tex:2343 mv:298 misc:1271 imb:0 pmb:151 smb:8009 d:- ref:0 ;
in:481 out:482 type:b dur:2 cpbdur:2 q:16.67 aq:11.26 tex:2798 mv:295 misc:1347 imb:0 pmb:162 smb:7998 d:- ref:0 ;
in:486 out:483 type:P dur:2 cpbdur:2 q:16.51 aq:5.86 tex:112948 mv:654 misc:4678 imb:5 pmb:1743 smb:6412 d:- ref:0 ;
in:484 out:484 type:B dur:2 cpbdur:2 q:16.58 aq:9.30 tex:25378 mv:1130 misc:4188 imb:1 pmb:1059 smb:7100 d:- ref:0 ;
in:483 out:485 type:b dur:2 cpbdur:2 q:16.62 aq:11.55 tex:2514 mv:282 misc:1324 imb:0 pmb:160 smb:8000 d:- ref:0 ;
in:485 out:486 type:b dur:2 cpbdur:2 q:16.54 aq:10.86 tex:3275 mv:408 misc:1613 imb:0 pmb:221 smb:7939 d:- ref:0 ;
in:490 out:487 type:P dur:2 cpbdur:2 q:16.38 aq:6.01 tex:91694 mv:515 misc:4583 imb:3 pmb:1572 smb:6585 d:- ref:0 ;
in:488 out:488 type:B dur:2 cpbdur:2 q:16.44 aq:9.38 tex:24312 mv:921 misc:4175 imb:0 pmb:1082 smb:7078 d:- ref:0 ;
in:487 out:489 type:b dur:2 cpbdur:2 q:16.48 aq:11.46 tex:2869 mv:400 misc:1491 imb:0 pmb:200 smb:7960 d:- ref:0 ;
in:489 out:490 type:b dur:2 cpbdur:2 q:16.41 aq:11.34 tex:3512 mv:413 misc:1595 imb:0 pmb:218 smb:7942 d:- ref:0 ;
in:494 out:491 type:P dur:2 cpbdur:2 q:16.22 aq:4.22 tex:1222866 mv:12619 misc:1795 imb:373 pmb:4993 smb:2794 d:- ref:0 ;
in:492 out:492 type:B dur:2 cpbdur:2 q:16.30 aq:9.92 tex:77574 mv:3907 misc:5991 imb:2 pmb:2788 smb:5370 d:- ref:0 ;
in:491 out:493 type:b dur:2 cpbdur:2 q:16.34 aq:12.31 tex:40806 mv:5236 misc:5766 imb:10 pmb:2393 smb:5757 d:- ref:0 ;
in:493 out:494 type:b dur:2 cpbdur:2 q:16.26 aq:10.77 tex:12283 mv:1727 misc:3926 imb:0 pmb:908 smb:7252 d:- ref:0 ;
in:498 out:495 type:P dur:2 cpbdur:2 q:16.09 aq:4.29 tex:301683 mv:1333 misc:5144 imb:11 pmb:3100 smb:5049 d:- ref:0 ;
in:496 out:496 type:B dur:2 cpbdur:2 q:16.16 aq:9.26 tex:31499 mv:1807 misc:5094 imb:0 pmb:1543 smb:6617 d:- ref:0 ;
in:495 out:497 type:b dur:2 cpbdur:2 q:16.19 aq:11.49 tex:3639 mv:504 misc:2001 imb:0 pmb:301 smb:7859 d:- ref:0 ;
in:497 out:498 type:b dur:2 cpbdur:2 q:16.12 aq:10.56 tex:3773 mv:387 misc:1712 imb:0 pmb:233 smb:7927 d:- ref:0 ;
in:499 out:499 type:P dur:2 cpbdur:2 q:15.91 aq:10.80 tex:5466 mv:217 misc:1733 imb:4 pmb:237 smb:7919 d:- ref:0 ;
in:500 out:500 type:I dur:2 cpbdur:2 q:13.69 aq:1.72 tex:2656647 mv:165842 misc:487 imb:8160 pmb:0 smb:0 d:- ref:;
in:504 out:501 type:P dur:2 cpbdur:2 q:16.09 aq:4.38 tex:20066 mv:263 misc:3119 imb:1 pmb:586 smb:7573 d:- ref:0 ;
in:502 out:502 type:B dur:2 cpbdur:2 q:16.09 aq:8.73 tex:28986 mv:804 misc:4626 imb:0 pmb:1321 smb:6839 d:- ref:0 ;
in:501 out:503 type:b dur:2 cpbdur:2 q:16.09 aq:9.56 tex:3109 mv:300 misc:1463 imb:0 pmb:182 smb:7978 d:- ref:0 ;
in:503 out:504 type:b dur:2 cpbdur:2 q:16.09 aq:9.56 tex:2867 mv:260 misc:1353 imb:0 pmb:157 smb:8003 d:- ref:0 ;
in:508 out:505 type:P dur:2 cpbdur:2 q:15.87 aq:4.52 tex:8928 mv:150 misc:1810 imb:1 pmb:257 smb:7902 d:- ref:0 ;
in:506 out:506 type:B dur:2 cpbdur:2 q:15.98 aq:8.68 tex:30319 mv:464 misc:4697 imb:0 pmb:1357 smb:6803 d:- ref:0 ;
in:505 out:507 type:b dur:2 cpbdur:2 q:16.04 aq:9.48 tex:3448 mv:311 misc:1481 imb:0 pmb:185 smb:7975 d:- ref:0 ;
in:507 out:508 type:b dur:2 cpbdur:2 q:15.93 aq:9.38 tex:3255 mv:320 misc:1481 imb:0 pmb:186 smb:7974 d:- ref:0 ;
in:512 out:509 type:P dur:2 cpbdur:2 q:15.80 aq:4.74 tex:6768 mv:136 misc:1592 imb:1 pmb:205 smb:7954 d:- ref:0 ;
in:510 out:510 type:B dur:2 cpbdur:2 q:15.84 aq:8.54 tex:31549 mv:388 misc:4847 imb:0 pmb:1400 smb:6760 d:- ref:0 ;
in:509 out:511 type:b dur:2 cpbdur:2 q:15.85 aq:9.51 tex:3393 mv:309 misc:1442 imb:0 pmb:183 smb:7977 d:- ref:0 ;
in:511 out:512 type:b dur:2 cpbdur:2 q:15.82 aq:9.44 tex:3574 mv:332 misc:1566 imb:0 pmb:205 smb:7955 d:- ref:0 ;
in:516 out:513 type:P dur:2 cpbdur:2 q:15.66 aq:4.34 tex:7172 mv:149 misc:1647 imb:2 pmb:220 smb:7938 d:- ref:0 ;
in:514 out:514 type:B dur:2 cpbdur:2 q:15.73 aq:8.48 tex:32440 mv:485 misc:4891 imb:0 pmb:1446 smb:6714 d:- ref:0 ;
in:513 out:515 type:b dur:2 cpbdur:2 q:15.77 aq:9.35 tex:3723 mv:332 misc:1577 imb:0 pmb:209 smb:7951 d:- ref:0 ;
in:515 out:516 type:b dur:2 cpbdur:2 q:15.69 aq:9.23 tex:3840 mv:351 misc:1609 imb:0 pmb:214 smb:7946 d:- ref:0 ;
in:520 out:517 type:P dur:2 cpbdur:2 q:15.47 aq:4.61 tex:7611 mv:149 misc:1712 imb:2 pmb:231 smb:7927 d:- ref:0 ;
in:518 out:518 type:B dur:2 cpbdur:2 q:15.56 aq:8.27 tex:34410 mv:462 misc:4952 imb:0 pmb:1495 smb:6665 d:- ref:0 ;
in:517 out:519 type:b dur:2 cpbdur:2 q:15.61 aq:9.15 tex:3863 mv:368 misc:1657 imb:0 pmb:226 smb:7934 d:- ref:0 ;
in:519 out:520 type:b dur:2 cpbdur:2 q:15.51 aq:9.24 tex:4201 mv:381 misc:1738 imb:0 pmb:241 smb:7919 d:- ref:0 ;
in:524 out:521 type:P dur:2 cpbdur:2 q:15.31 aq:4.13 tex:8343 mv:162 misc:1711 imb:2 pmb:238 smb:7920 d:- ref:0 ;
in:522 out:522 type:B dur:2 cpbdur:2 q:15.39 aq:8.17 tex:35861 mv:541 misc:4966 imb:0 pmb:1556 smb:6604 d:- ref:0 ;
in:521 out:523 type:b dur:2 cpbdur:2 q:15.43 aq:9.01 tex:4143 mv:413 misc:1716 imb:0 pmb:240 smb:7920 d:- ref:0 ;
in:523 out:524 type:b dur:2 cpbdur:2 q:15.35 aq:9.05 tex:4472 mv:429 misc:1819 imb:0 pmb:260 smb:7900 d:- ref:0 ;
in:528 out:525 type:P dur:2 cpbdur:2 q:15.13 aq:4.08 tex:10271 mv:164 misc:1853 imb:2 pmb:271 smb:7887 d:- ref:0 ;
in:526 out:526 type:B dur:2 cpbdur:2 q:15.22 aq:8.12 tex:37923 mv:534 misc:5063 imb:0 pmb:1620 smb:6540 d:- ref:0 ;
in:525 out:527 type:b dur:2 cpbdur:2 q:15.26 aq:8.89 tex:4667 mv:446 misc:1823 imb:0 pmb:267 smb:7893 d:- ref:0 ;
in:527 out:528 type:b dur:2 cpbdur:2 q:15.17 aq:8.82 tex:4991 mv:462 misc:1883 imb:0 pmb:278 smb:7882 d:- ref:0 ;
in:532 out:529 type:P dur:2 cpbdur:2 q:14.93 aq:4.00 tex:8924 mv:159 misc:1797 imb:2 pmb:256 smb:7902 d:- ref:0 ;
in:530 out:530 type:B dur:2 cpbdur:2 q:15.03 aq:8.03 tex:39812 mv:610 misc:5138 imb:0 pmb:1687 smb:6473 d:- ref:0 ;
in:529 out:531 type:b dur:2 cpbdur:2 q:15.08 aq:8.89 tex:4977 mv:483 misc:1956 imb:0 pmb:290 smb:7870 d:- ref:0 ;
in:531 out:532 type:b dur:2 cpbdur:2 q:14.98 aq:8.70 tex:5265 mv:479 misc:2016 imb:0 pmb:301 smb:7859 d:- ref:0 ;
in:536 out:533 type:P dur:2 cpbdur:2 q:14.72 aq:4.32 tex:11256 mv:169 misc:1911 imb:2 pmb:282 smb:7876 d:- ref:0 ;
in:534 out:534 type:B dur:2 cpbdur:2 q:14.83 aq:7.89 tex:41574 mv:593 misc:5225 imb:0 pmb:1730 smb:6430 d:- ref:0 ;
in:533 out:535 type:b dur:2 cpbdur:2 q:14.88 aq:8.88 tex:5547 mv:509 misc:2056 imb:0 pmb:313 smb:7847 d:- ref:0 ;
in:535 out:536 type:b dur:2 cpbdur:2 q:14.78 aq:8.58 tex:5552 mv:514 misc:2078 imb:0 pmb:322 smb:7838 d:- ref:0 ;
in:540 out:537 type:P dur:2 cpbdur:2 q:14.50 aq:3.45 tex:11243 mv:155 misc:1962 imb:2 pmb:299 smb:7859 d:- ref:0 ;
in:538 out:538 type:B dur:2 cpbdur:2 q:14.61 aq:7.79 tex:44024 mv:641 misc:5295 imb:0 pmb:1796 smb:6364 d:- ref:0 ;
in:537 out:539 type:b dur:2 cpbdur:2 q:14.67 aq:8.69 tex:6032 mv:570 misc:2206 imb:0 pmb:354 smb:7806 d:- ref:0 ;
in:539 out:540 type:b dur:2 cpbdur:2 q:14.56 aq:8.43 tex:6406 mv:565 misc:2301 imb:0 pmb:370 smb:7790 d:- ref:0 ;
in:544 out:541 type:P dur:2 cpbdur:2 q:14.30 aq:3.57 tex:28639 mv:362 misc:2087 imb:8 pmb:350 smb:7802 d:- ref:0 ;
in:542 out:542 type:B dur:2 cpbdur:2 q:14.40 aq:7.76 tex:50210 mv:697 misc:5357 imb:1 pmb:1872 smb:6287 d:- ref:0 ;
in:541 out:543 type:b dur:2 cpbdur:2 q:14.45 aq:8.69 tex:7547 mv:674 misc:2459 imb:0 pmb:430 smb:7730 d:- ref:0 ;
in:543 out:544 type:b dur:2 cpbdur:2 q:14.35 aq:8.46 tex:10671 mv:737 misc:2536 imb:0 pmb:462 smb:7698 d:- ref:0 ;
in:548 out:545 type:P dur:2 cpbdur:2 q:14.09 aq:3.55 tex:28370 mv:362 misc:2420 imb:15 pmb:421 smb:7724 d:- ref:0 ;
in:546 out:546 type:B dur:2 cpbdur:2 q:14.20 aq:7.45 tex:52616 mv:885 misc:5419 imb:3 pmb:1948 smb:6209 d:- ref:0 ;
in:545 out:547 type:b dur:2 cpbdur:2 q:14.25 aq:8.66 tex:11543 mv:722 misc:2615 imb:0 pmb:479 smb:7681 d:- ref:0 ;
in:547 out:548 type:b dur:2 cpbdur:2 q:14.15 aq:8.24 tex:12129 mv:756 misc:2707 imb:2 pmb:504 smb:7654 d:- ref:0 ;
in:552 out:549 type:P dur:2 cpbdur:2 q:13.93 aq:3.10 tex:21977 mv:369 misc:2326 imb:21 pmb:390 smb:7749 d:- ref:0 ;
in:550 out:550 type:B dur:2 cpbdur:2 q:14.01 aq:7.37 tex:54623 mv:859 misc:5390 imb:3 pmb:2008 smb:6149 d:- ref:0 ;
in:549 out:551 type:b dur:2 cpbdur:2 q:14.05 aq:8.38 tex:11271 mv:801 misc:2800 imb:1 pmb:530 smb:7629 d:- ref:0 ;
in:551 out:552 type:b dur:2 cpbdur:2 q:13.97 aq:8.09 tex:10554 mv:928 misc:2894 imb:1 pmb:558 smb:7601 d:- ref:0 ;
in:556 out:553 type:P dur:2 cpbdur:2 q:13.75 aq:3.36 tex:21192 mv:295 misc:2153 imb:13 pmb:357 smb:7790 d:- ref:0 ;
in:554 out:554 type:B dur:2 cpbdur:2 q:13.84 aq:7.40 tex:53636 mv:806 misc:5478 imb:0 pmb:2048 smb:6112 d:- ref:0 ;
in:553 out:555 type:b dur:2 cpbdur:2 q:13.88 aq:8.30 tex:9573 mv:924 misc:2863 imb:0 pmb:555 smb:7605 d:- ref:0 ;
in:555 out:556 type:b dur:2 cpbdur:2 q:13.79 aq:8.08 tex:11406 mv:995 misc:3007 imb:0 pmb:603 smb:7557 d:- ref:0 ;
in:560 out:557 type:P dur:2 cpbdur:2 q:13.54 aq:3.18 tex:21557 mv:321 misc:2322 imb:16 pmb:401 smb:7743 d:- ref:0 ;
in:558 out:558 type:B dur:2 cpbdur:2 q:13.65 aq:7.32 tex:58963 mv:785 misc:5476 imb:2 pmb:2100 smb:6058 d:- ref:0 ;
in:557 out:559 type:b dur:2 cpbdur:2 q:13.70 aq:8.20 tex:13628 mv:905 misc:3059 imb:1 pmb:615 smb:7544 d:- ref:0 ;
in:559 out:560 type:b dur:2 cpbdur:2 q:13.59 aq:8.01 tex:12967 mv:982 misc:3235 imb:0 pmb:668 smb:7492 d:- ref:0 ;
in:564 out:561 type:P dur:2 cpbdur:2 q:13.39 aq:3.06 tex:20951 mv:310 misc:2179 imb:16 pmb:360 smb:7784 d:- ref:0 ;
in:562 out:562 type:B dur:2 cpbdur:2 q:13.47 aq:7.07 tex:58898 mv:885 misc:5521 imb:0 pmb:2158 smb:6002 d:- ref:0 ;
in:561 out:563 type:b dur:2 cpbdur:2 q:13.50 aq:7.91 tex:12385 mv:1077 misc:3258 imb:2 pmb:664 smb:7494 d:- ref:0 ;
in:563 out:564 type:b dur:2 cpbdur:2 q:13.43 aq:7.51 tex:12523 mv:983 misc:3294 imb:0 pmb:683 smb:7477 d:- ref:0 ;
in:568 out:565 type:P dur:2 cpbdur:2 q:13.21 aq:2.93 tex:16984 mv:194 misc:2190 imb:3 pmb:370 smb:7787 d:- ref:0 ;
in:566 out:566 type:B dur:2 cpbdur:2 q:13.30 aq:6.95 tex:60523 mv:737 misc:5556 imb:0 pmb:2212 smb:5948 d:- ref:0 ;
in:565 out:567 type:b dur:2 cpbdur:2 q:13.34 aq:7.83 tex:13116 mv:1043 misc:3393 imb:0 pmb:724 smb:7436 d:- ref:0 ;
in:567 out:568 type:b dur:2 cpbdur:2 q:13.25 aq:7.33 tex:13711 mv:1026 misc:3383 imb:0 pmb:730 smb:7430 d:- ref:0 ;
in:572 out:569 type:P dur:2 cpbdur:2 q:13.05 aq:3.57 tex:16552 mv:171 misc:2213 imb:3 pmb:376 smb:7781 d:- ref:0 ;
in:570 out:570 type:B dur:2 cpbdur:2 q:13.13 aq:6.62 tex:62897 mv:823 misc:5520 imb:0 pmb:2291 smb:5869 d:- ref:0 ;
in:569 out:571 type:b dur:2 cpbdur:2 q:13.17 aq:7.65 tex:14233 mv:1094 misc:3577 imb:0 pmb:790 smb:7370 d:- ref:0 ;
in:571 out:572 type:b dur:2 cpbdur:2 q:13.09 aq:7.24 tex:15880 mv:1146 misc:3654 imb:0 pmb:827 smb:7333 d:- ref:0 ;
in:576 out:573 type:P dur:2 cpbdur:2 q:12.86 aq:3.14 tex:17006 mv:186 misc:2176 imb:3 pmb:374 smb:7783 d:- ref:0 ;
in:574 out:574 type:B dur:2 cpbdur:2 q:12.95 aq:6.63 tex:65521 mv:792 misc:5567 imb:0 pmb:2349 smb:5811 d:- ref:0 ;
in:573 out:575 type:b dur:2 cpbdur:2 q:13.00 aq:7.39 tex:15673 mv:1169 misc:3758 imb:0 pmb:860 smb:7300 d:- ref:0 ;
in:575 out:576 type:b dur:2 cpbdur:2 q:12.91 aq:7.20 tex:17642 mv:1205 misc:3825 imb:0 pmb:894 smb:7266 d:- ref:0 ;
in:580 out:577 type:P dur:2 cpbdur:2 q:12.64 aq:2.83 tex:18352 mv:215 misc:2273 imb:4 pmb:396 smb:7760 d:- ref:0 ;
in:578 out:578 type:B dur:2 cpbdur:2 q:12.75 aq:6.68 tex:68000 mv:812 misc:5572 imb:0 pmb:2407 smb:5753 d:- ref:0 ;
in:577 out:579 type:b dur:2 cpbdur:2 q:12.80 aq:7.28 tex:17025 mv:1245 misc:3874 imb:0 pmb:920 smb:7240 d:- ref:0 ;
in:579 out:580 type:b dur:2 cpbdur:2 q:12.70 aq:7.20 tex:19147 mv:1322 misc:4035 imb:0 pmb:987 smb:7173 d:- ref:0 ;
in:584 out:581 type:P dur:2 cpbdur:2 q:12.44 aq:3.38 tex:16453 mv:200 misc:2283 imb:3 pmb:392 smb:7765 d:- ref:0 ;
in:582 out:582 type:B dur:2 cpbdur:2 q:12.54 aq:6.50 tex:70304 mv:846 misc:5578 imb:0 pmb:2447 smb:5713 d:- ref:0 ;
in:581 out:583 type:b dur:2 cpbdur:2 q:12.59 aq:7.14 tex:18801 mv:1326 misc:4065 imb:0 pmb:992 smb:7168 d:- ref:0 ;
in:583 out:584 type:b dur:2 cpbdur:2 q:12.49 aq:7.07 tex:20449 mv:1391 misc:4096 imb:0 pmb:1028 smb:7132 d:- ref:0 ;
in:588 out:585 type:P dur:2 cpbdur:2 q:12.22 aq:3.24 tex:18669 mv:319 misc:2340 imb:13 pmb:401 smb:7746 d:- ref:0 ;
in:586 out:586 type:B dur:2 cpbdur:2 q:12.33 aq:6.43 tex:77162 mv:965 misc:5577 imb:1 pmb:2514 smb:5645 d:- ref:0 ;
in:585 out:587 type:b dur:2 cpbdur:2 q:12.39 aq:7.02 tex:19524 mv:1430 misc:4206 imb:0 pmb:1040 smb:7120 d:- ref:0 ;
in:587 out:588 type:b dur:2 cpbdur:2 q:12.28 aq:7.27 tex:24508 mv:1506 misc:4314 imb:0 pmb:1102 smb:7058 d:- ref:0 ;
in:592 out:589 type:P dur:2 cpbdur:2 q:12.07 aq:3.28 tex:17642 mv:207 misc:2247 imb:5 pmb:385 smb:7770 d:- ref:0 ;
in:590 out:590 type:B dur:2 cpbdur:2 q:12.15 aq:6.05 tex:75469 mv:831 misc:5620 imb:0 pmb:2549 smb:5611 d:- ref:0 ;
in:589 out:591 type:b dur:2 cpbdur:2 q:12.18 aq:6.91 tex:21958 mv:1550 misc:4356 imb:0 pmb:1137 smb:7023 d:- ref:0 ;
in:591 out:592 type:b dur:2 cpbdur:2 q:12.11 aq:6.71 tex:23569 mv:1569 misc:4358 imb:0 pmb:1162 smb:6998 d:- ref:0 ;
in:596 out:593 type:P dur:2 cpbdur:2 q:11.89 aq:2.27 tex:1230049 mv:8170 misc:2021 imb:228 pmb:5160 smb:2772 d:- ref:0 ;
in:594 out:594 type:B dur:2 cpbdur:2 q:11.98 aq:7.71 tex:181085 mv:5714 misc:5129 imb:6 pmb:3974 smb:4180 d:- ref:0 ;
in:593 out:595 type:b dur:2 cpbdur:2 q:12.02 aq:7.88 tex:30547 mv:996 misc:5209 imb:0 pmb:1611 smb:6549 d:- ref:0 ;
in:595 out:596 type:b dur:2 cpbdur:2 q:11.93 aq:8.48 tex:70811 mv:4688 misc:5821 imb:0 pmb:2829 smb:5331 d:- ref:0 ;
in:598 out:597 type:P dur:2 cpbdur:2 q:11.76 aq:2.56 tex:384087 mv:1703 misc:4306 imb:26 pmb:4187 smb:3947 d:- ref:0 ;
in:597 out:598 type:b dur:2 cpbdur:2 q:11.82 aq:8.01 tex:35046 mv:2666 misc:5480 imb:1 pmb:1818 smb:6341 d:- ref:0 ;
in:602 out:599 type:P dur:2 cpbdur:2 q:11.67 aq:1.71 tex:1278236 mv:7921 misc:2547 imb:256 pmb:5054 smb:2850 d:- ref:0 ;
in:600 out:600 type:B dur:2 cpbdur:2 q:11.72 aq:6.39 tex:103281 mv:1732 misc:5955 imb:1 pmb:3179 smb:4980 d:- ref:0 ;
in:599 out:601 type:b dur:2 cpbdur:2 q:11.74 aq:7.42 tex:86609 mv:3704 misc:5895 imb:1 pmb:2894 smb:5265 d:- ref:0 ;
in:601 out:602 type:b dur:2 cpbdur:2 q:11.69 aq:8.00 tex:29575 mv:1646 misc:5043 imb:0 pmb:1464 smb:6696 d:- ref:0 ;
in:606 out:603 type:P dur:2 cpbdur:2 q:11.59 aq:2.01 tex:165452 mv:770 misc:5450 imb:7 pmb:2470 smb:5683 d:- ref:0 ;
in:604 out:604 type:B dur:2 cpbdur:2 q:11.63 aq:6.91 tex:66804 mv:3668 misc:5728 imb:0 pmb:2533 smb:5627 d:- ref:0 ;
in:603 out:605 type:b dur:2 cpbdur:2 q:11.65 aq:7.87 tex:24076 mv:1413 misc:4687 imb:0 pmb:1230 smb:6930 d:- ref:0 ;
in:605 out:606 type:b dur:2 cpbdur:2 q:11.61 aq:7.79 tex:23354 mv:1301 misc:4593 imb:0 pmb:1185 smb:6975 d:- ref:0 ;
in:610 out:607 type:P dur:2 cpbdur:2 q:11.37 aq:2.27 tex:62826 mv:311 misc:4207 imb:1 pmb:1089 smb:7070 d:- ref:0 ;
in:608 out:608 type:B dur:2 cpbdur:2 q:11.48 aq:6.57 tex:65980 mv:1490 misc:5714 imb:0 pmb:2411 smb:5749 d:- ref:0 ;
in:607 out:609 type:b dur:2 cpbdur:2 q:11.53 aq:7.62 tex:20847 mv:1118 misc:4323 imb:0 pmb:1066 smb:7094 d:- ref:0 ;
in:609 out:610 type:b dur:2 cpbdur:2 q:11.43 aq:7.53 tex:23599 mv:1092 misc:4493 imb:0 pmb:1156 smb:7004 d:- ref:0 ;
in:614 out:611 type:P dur:2 cpbdur:2 q:11.32 aq:1.29 tex:1688684 mv:8738 misc:1754 imb:609 pmb:4850 smb:2701 d:- ref:0 ;
in:612 out:612 type:B dur:2 cpbdur:2 q:11.35 aq:6.06 tex:76632 mv:1020 misc:5924 imb:0 pmb:2821 smb:5339 d:- ref:0 ;
in:611 out:613 type:b dur:2 cpbdur:2 q:11.36 aq:7.55 tex:22244 mv:1203 misc:4441 imb:0 pmb:1125 smb:7035 d:- ref:0 ;
in:613 out:614 type:b dur:2 cpbdur:2 q:11.34 aq:7.31 tex:27517 mv:1202 misc:5129 imb:0 pmb:1585 smb:6575 d:- ref:0 ;
in:618 out:615 type:P dur:2 cpbdur:2 q:11.29 aq:1.76 tex:285513 mv:2005 misc:5226 imb:31 pmb:3840 smb:4289 d:- ref:0 ;
in:616 out:616 type:B dur:2 cpbdur:2 q:11.31 aq:6.12 tex:43301 mv:2485 misc:5910 imb:0 pmb:2128 smb:6032 d:- ref:0 ;
in:615 out:617 type:b dur:2 cpbdur:2 q:11.32 aq:7.41 tex:17437 mv:1915 misc:4792 imb:0 pmb:1306 smb:6854 d:- ref:0 ;
in:617 out:618 type:b dur:2 cpbdur:2 q:11.30 aq:7.24 tex:10461 mv:632 misc:2963 imb:0 pmb:552 smb:7608 d:- ref:0 ;
in:622 out:619 type:P dur:2 cpbdur:2 q:11.25 aq:1.83 tex:296326 mv:2875 misc:5527 imb:52 pmb:3613 smb:4495 d:- ref:0 ;
in:620 out:620 type:B dur:2 cpbdur:2 q:11.27 aq:5.68 tex:58516 mv:3491 misc:5961 imb:3 pmb:2434 smb:5723 d:- ref:0 ;
in:619 out:621 type:b dur:2 cpbdur:2 q:11.28 aq:7.72 tex:44796 mv:3706 misc:5554 imb:7 pmb:1913 smb:6240 d:- ref:0 ;
in:621 out:622 type:b dur:2 cpbdur:2 q:11.26 aq:7.74 tex:18789 mv:1220 misc:4111 imb:0 pmb:943 smb:7217 d:- ref:0 ;
in:626 out:623 type:P dur:2 cpbdur:2 q:11.16 aq:1.53 tex:215751 mv:1316 misc:5765 imb:18 pmb:3092 smb:5050 d:- ref:0 ;
in:624 out:624 type:B dur:2 cpbdur:2 q:11.21 aq:5.76 tex:69296 mv:3773 misc:5875 imb:10 pmb:2538 smb:5612 d:- ref:0 ;
in:623 out:625 type:b dur:2 cpbdur:2 q:11.23 aq:7.40 tex:17356 mv:1495 misc:4365 imb:0 pmb:1063 smb:7097 d:- ref:0 ;
in:625 out:626 type:b dur:2 cpbdur:2 q:11.19 aq:6.49 tex:15844 mv:1137 misc:3811 imb:0 pmb:847 smb:7313 d:- ref:0 ;
in:630 out:627 type:P dur:2 cpbdur:2 q:11.02 aq:1.52 tex:71037 mv:453 misc:5158 imb:2 pmb:1538 smb:6620 d:- ref:0 ;
in:628 out:628 type:B dur:2 cpbdur:2 q:11.09 aq:5.55 tex:44992 mv:1050 misc:5302 imb:0 pmb:1742 smb:6418 d:- ref:0 ;
in:627 out:629 type:b dur:2 cpbdur:2 q:11.13 aq:6.18 tex:12300 mv:740 misc:3232 imb:0 pmb:639 smb:7521 d:- ref:0 ;
in:629 out:630 type:b dur:2 cpbdur:2 q:11.05 aq:6.29 tex:12481 mv:697 misc:3158 imb:0 pmb:613 smb:7547 d:- ref:0 ;
in:634 out:631 type:P dur:2 cpbdur:2 q:10.93 aq:1.43 tex:46557 mv:367 misc:4668 imb:2 pmb:1262 smb:6896 d:- ref:0 ;
in:632 out:632 type:B dur:2 cpbdur:2 q:10.97 aq:5.47 tex:45261 mv:457 misc:5274 imb:0 pmb:1727 smb:6433 d:- ref:0 ;
in:631 out:633 type:b dur:2 cpbdur:2 q:11.00 aq:6.03 tex:11664 mv:678 misc:3138 imb:0 pmb:604 smb:7556 d:- ref:0 ;
in:633 out:634 type:b dur:2 cpbdur:2 q:10.95 aq:5.91 tex:13272 mv:692 misc:3188 imb:0 pmb:624 smb:7536 d:- ref:0 ;
in:638 out:635 type:P dur:2 cpbdur:2 q:10.72 aq:1.39 tex:43914 mv:355 misc:4627 imb:3 pmb:1228 smb:6929 d:- ref:0 ;
in:636 out:636 type:B dur:2 cpbdur:2 q:10.83 aq:5.34 tex:46931 mv:350 misc:5303 imb:0 pmb:1763 smb:6397 d:- ref:0 ;
in:635 out:637 type:b dur:2 cpbdur:2 q:10.88 aq:5.72 tex:12444 mv:688 misc:3180 imb:0 pmb:619 smb:7541 d:- ref:0 ;
in:637 out:638 type:b dur:2 cpbdur:2 q:10.77 aq:6.86 tex:13875 mv:750 misc:3295 imb:0 pmb:663 smb:7497 d:- ref:0 ;
in:642 out:639 type:P dur:2 cpbdur:2 q:10.50 aq:1.43 tex:43561 mv:358 misc:4625 imb:5 pmb:1214 smb:6941 d:- ref:0 ;
in:640 out:640 type:B dur:2 cpbdur:2 q:10.61 aq:5.18 tex:49196 mv:372 misc:5296 imb:0 pmb:1816 smb:6344 d:- ref:0 ;
in:639 out:641 type:b dur:2 cpbdur:2 q:10.66 aq:5.53 tex:13604 mv:747 misc:3329 imb:0 pmb:666 smb:7494 d:- ref:0 ;
in:641 out:642 type:b dur:2 cpbdur:2 q:10.55 aq:6.76 tex:15424 mv:794 misc:3470 imb:0 pmb:720 smb:7440 d:- ref:0 ;
in:646 out:643 type:P dur:2 cpbdur:2 q:10.30 aq:1.54 tex:40736 mv:316 misc:4452 imb:3 pmb:1139 smb:7018 d:- ref:0 ;
in:644 out:644 type:B dur:2 cpbdur:2 q:10.40 aq:5.06 tex:51157 mv:374 misc:5397 imb:0 pmb:1849 smb:6311 d:- ref:0 ;
in:643 out:645 type:b dur:2 cpbdur:2 q:10.45 aq:6.45 tex:15044 mv:805 misc:3495 imb:0 pmb:722 smb:7438 d:- ref:0 ;
in:645 out:646 type:b dur:2 cpbdur:2 q:10.35 aq:6.60 tex:16548 mv:824 misc:3572 imb:0 pmb:759 smb:7401 d:- ref:0 ;
in:650 out:647 type:P dur:2 cpbdur:2 q:10.11 aq:1.42 tex:36153 mv:293 misc:4210 imb:3 pmb:1017 smb:7140 d:- ref:0 ;
in:648 out:648 type:B dur:2 cpbdur:2 q:10.20 aq:4.88 tex:53285 mv:363 misc:5480 imb:0 pmb:1912 smb:6248 d:- ref:0 ;
in:647 out:649 type:b dur:2 cpbdur:2 q:10.25 aq:5.46 tex:16185 mv:800 misc:3575 imb:0 pmb:749 smb:7411 d:- ref:0 ;
in:649 out:650 type:b dur:2 cpbdur:2 q:10.16 aq:6.58 tex:17279 mv:843 misc:3662 imb:0 pmb:785 smb:7375 d:- ref:0 ;
in:654 out:651 type:P dur:2 cpbdur:2 q:9.93 aq:0.78 tex:32043 mv:288 misc:3981 imb:3 pmb:923 smb:7234 d:- ref:0 ;
in:652 out:652 type:B dur:2 cpbdur:2 q:10.02 aq:4.76 tex:54945 mv:457 misc:5502 imb:0 pmb:1946 smb:6214 d:- ref:0 ;
in:651 out:653 type:b dur:2 cpbdur:2 q:10.06 aq:5.43 tex:17251 mv:866 misc:3691 imb:0 pmb:795 smb:7365 d:- ref:0 ;
in:653 out:654 type:b dur:2 cpbdur:2 q:9.97 aq:6.53 tex:18831 mv:896 misc:3825 imb:0 pmb:840 smb:7320 d:- ref:0 ;
in:658 out:655 type:P dur:2 cpbdur:2 q:9.71 aq:2.10 tex:29680 mv:236 misc:3836 imb:2 pmb:856 smb:7302 d:- ref:0 ;
in:656 out:656 type:B dur:2 cpbdur:2 q:9.82 aq:4.96 tex:56998 mv:499 misc:5615 imb:0 pmb:2003 smb:6157 d:- ref:0 ;
in:655 out:657 type:b dur:2 cpbdur:2 q:9.87 aq:5.13 tex:18794 mv:855 misc:3839 imb:0 pmb:839 smb:7321 d:- ref:0 ;
in:657 out:658 type:b dur:2 cpbdur:2 q:9.76 aq:6.35 tex:21175 mv:918 misc:4059 imb:0 pmb:925 smb:7235 d:- ref:0 ;
in:662 out:659 type:P dur:2 cpbdur:2 q:9.52 aq:0.93 tex:21610 mv:190 misc:3144 imb:1 pmb:626 smb:7533 d:- ref:0 ;
in:660 out:660 type:B dur:2 cpbdur:2 q:9.61 aq:4.86 tex:58979 mv:436 misc:5665 imb:0 pmb:2033 smb:6127 d:- ref:0 ;
in:659 out:661 type:b dur:2 cpbdur:2 q:9.66 aq:4.99 tex:20129 mv:947 misc:3972 imb:0 pmb:894 smb:7266 d:- ref:0 ;
in:661 out:662 type:b dur:2 cpbdur:2 q:9.56 aq:6.14 tex:22077 mv:975 misc:4084 imb:0 pmb:955 smb:7205 d:- ref:0 ;
in:666 out:663 type:P dur:2 cpbdur:2 q:9.36 aq:3.61 tex:138060 mv:4333 misc:3439 imb:426 pmb:915 smb:6819 d:- ref:0 ;
in:664 out:664 type:B dur:2 cpbdur:2 q:9.44 aq:4.96 tex:73478 mv:1521 misc:5969 imb:2 pmb:2547 smb:5611 d:- ref:0 ;
in:663 out:665 type:b dur:2 cpbdur:2 q:9.48 aq:5.12 tex:23119 mv:1422 misc:4587 imb:1 pmb:1272 smb:6887 d:- ref:0 ;
in:665 out:666 type:b dur:2 cpbdur:2 q:9.40 aq:5.81 tex:27137 mv:1352 misc:4591 imb:0 pmb:1176 smb:6984 d:- ref:0 ;
in:669 out:667 type:P dur:2 cpbdur:2 q:9.17 aq:5.60 tex:31372 mv:362 misc:4818 imb:4 pmb:1262 smb:6894 d:- ref:0 ;
in:667 out:668 type:B dur:2 cpbdur:2 q:9.30 aq:5.07 tex:39709 mv:560 misc:5259 imb:0 pmb:1534 smb:6626 d:- ref:0 ;
in:668 out:669 type:b dur:2 cpbdur:2 q:9.23 aq:5.76 tex:33048 mv:1377 misc:4951 imb:0 pmb:1383 smb:6777 d:- ref:0 ;
